../Src/stm32mp1xx_it.c:69:6:NMI_Handler	4	static
../Src/stm32mp1xx_it.c:84:6:HardFault_Handler	4	static
../Src/stm32mp1xx_it.c:99:6:MemManage_Handler	4	static
../Src/stm32mp1xx_it.c:114:6:BusFault_Handler	4	static
../Src/stm32mp1xx_it.c:129:6:UsageFault_Handler	4	static
../Src/stm32mp1xx_it.c:144:6:SVC_Handler	4	static
../Src/stm32mp1xx_it.c:157:6:DebugMon_Handler	4	static
../Src/stm32mp1xx_it.c:170:6:PendSV_Handler	4	static
../Src/stm32mp1xx_it.c:183:6:SysTick_Handler	8	static
../Src/stm32mp1xx_it.c:204:6:RCC_IRQHandler	4	static
../Src/stm32mp1xx_it.c:217:6:FPU_IRQHandler	4	static
../Src/stm32mp1xx_it.c:230:6:IPCC_RX1_IRQHandler	8	static
../Src/stm32mp1xx_it.c:244:6:IPCC_TX1_IRQHandler	8	static
../Src/stm32mp1xx_it.c:258:6:HSEM_IT2_IRQHandler	8	static
../Src/stm32mp1xx_it.c:272:6:MPU_SEV_IRQHandler	4	static
../Src/stm32mp1xx_it.c:285:6:RCC_WAKEUP_IRQHandler	8	static
