Archive member included to satisfy reference by file (symbol)

/opt/st/stm32cubeide_2.2.0/plugins/com.st.stm32cube.ide.mcu.externaltools.gnu-tools-for-stm32.14.3.rel1.linux64_1.0.100.202602081740/tools/bin/../lib/gcc/arm-none-eabi/14.3.1/../../../../arm-none-eabi/lib/thumb/v7e-m+fp/hard/libc_nano.a(libc_a-assert.o)
                              ./Middlewares/Third_Party/OpenAMP/device.o (__assert_func)
/opt/st/stm32cubeide_2.2.0/plugins/com.st.stm32cube.ide.mcu.externaltools.gnu-tools-for-stm32.14.3.rel1.linux64_1.0.100.202602081740/tools/bin/../lib/gcc/arm-none-eabi/14.3.1/../../../../arm-none-eabi/lib/thumb/v7e-m+fp/hard/libc_nano.a(libc_a-exit.o)
                              /opt/st/stm32cubeide_2.2.0/plugins/com.st.stm32cube.ide.mcu.externaltools.gnu-tools-for-stm32.14.3.rel1.linux64_1.0.100.202602081740/tools/bin/../lib/gcc/arm-none-eabi/14.3.1/../../../../arm-none-eabi/lib/thumb/v7e-m+fp/hard/crt0.o (exit)
/opt/st/stm32cubeide_2.2.0/plugins/com.st.stm32cube.ide.mcu.externaltools.gnu-tools-for-stm32.14.3.rel1.linux64_1.0.100.202602081740/tools/bin/../lib/gcc/arm-none-eabi/14.3.1/../../../../arm-none-eabi/lib/thumb/v7e-m+fp/hard/libc_nano.a(libc_a-malloc.o)
                              ./Middlewares/Third_Party/OpenAMP/remoteproc_virtio.o (malloc)
/opt/st/stm32cubeide_2.2.0/plugins/com.st.stm32cube.ide.mcu.externaltools.gnu-tools-for-stm32.14.3.rel1.linux64_1.0.100.202602081740/tools/bin/../lib/gcc/arm-none-eabi/14.3.1/../../../../arm-none-eabi/lib/thumb/v7e-m+fp/hard/libc_nano.a(libc_a-mallocr.o)
                              /opt/st/stm32cubeide_2.2.0/plugins/com.st.stm32cube.ide.mcu.externaltools.gnu-tools-for-stm32.14.3.rel1.linux64_1.0.100.202602081740/tools/bin/../lib/gcc/arm-none-eabi/14.3.1/../../../../arm-none-eabi/lib/thumb/v7e-m+fp/hard/libc_nano.a(libc_a-malloc.o) (_malloc_r)
/opt/st/stm32cubeide_2.2.0/plugins/com.st.stm32cube.ide.mcu.externaltools.gnu-tools-for-stm32.14.3.rel1.linux64_1.0.100.202602081740/tools/bin/../lib/gcc/arm-none-eabi/14.3.1/../../../../arm-none-eabi/lib/thumb/v7e-m+fp/hard/libc_nano.a(libc_a-mlock.o)
                              /opt/st/stm32cubeide_2.2.0/plugins/com.st.stm32cube.ide.mcu.externaltools.gnu-tools-for-stm32.14.3.rel1.linux64_1.0.100.202602081740/tools/bin/../lib/gcc/arm-none-eabi/14.3.1/../../../../arm-none-eabi/lib/thumb/v7e-m+fp/hard/libc_nano.a(libc_a-mallocr.o) (__malloc_lock)
/opt/st/stm32cubeide_2.2.0/plugins/com.st.stm32cube.ide.mcu.externaltools.gnu-tools-for-stm32.14.3.rel1.linux64_1.0.100.202602081740/tools/bin/../lib/gcc/arm-none-eabi/14.3.1/../../../../arm-none-eabi/lib/thumb/v7e-m+fp/hard/libc_nano.a(libc_a-findfp.o)
                              /opt/st/stm32cubeide_2.2.0/plugins/com.st.stm32cube.ide.mcu.externaltools.gnu-tools-for-stm32.14.3.rel1.linux64_1.0.100.202602081740/tools/bin/../lib/gcc/arm-none-eabi/14.3.1/../../../../arm-none-eabi/lib/thumb/v7e-m+fp/hard/libc_nano.a(libc_a-exit.o) (__stdio_exit_handler)
/opt/st/stm32cubeide_2.2.0/plugins/com.st.stm32cube.ide.mcu.externaltools.gnu-tools-for-stm32.14.3.rel1.linux64_1.0.100.202602081740/tools/bin/../lib/gcc/arm-none-eabi/14.3.1/../../../../arm-none-eabi/lib/thumb/v7e-m+fp/hard/libc_nano.a(libc_a-fprintf.o)
                              /opt/st/stm32cubeide_2.2.0/plugins/com.st.stm32cube.ide.mcu.externaltools.gnu-tools-for-stm32.14.3.rel1.linux64_1.0.100.202602081740/tools/bin/../lib/gcc/arm-none-eabi/14.3.1/../../../../arm-none-eabi/lib/thumb/v7e-m+fp/hard/libc_nano.a(libc_a-assert.o) (fiprintf)
/opt/st/stm32cubeide_2.2.0/plugins/com.st.stm32cube.ide.mcu.externaltools.gnu-tools-for-stm32.14.3.rel1.linux64_1.0.100.202602081740/tools/bin/../lib/gcc/arm-none-eabi/14.3.1/../../../../arm-none-eabi/lib/thumb/v7e-m+fp/hard/libc_nano.a(libc_a-fwalk.o)
                              /opt/st/stm32cubeide_2.2.0/plugins/com.st.stm32cube.ide.mcu.externaltools.gnu-tools-for-stm32.14.3.rel1.linux64_1.0.100.202602081740/tools/bin/../lib/gcc/arm-none-eabi/14.3.1/../../../../arm-none-eabi/lib/thumb/v7e-m+fp/hard/libc_nano.a(libc_a-findfp.o) (_fwalk_sglue)
/opt/st/stm32cubeide_2.2.0/plugins/com.st.stm32cube.ide.mcu.externaltools.gnu-tools-for-stm32.14.3.rel1.linux64_1.0.100.202602081740/tools/bin/../lib/gcc/arm-none-eabi/14.3.1/../../../../arm-none-eabi/lib/thumb/v7e-m+fp/hard/libc_nano.a(libc_a-stdio.o)
                              /opt/st/stm32cubeide_2.2.0/plugins/com.st.stm32cube.ide.mcu.externaltools.gnu-tools-for-stm32.14.3.rel1.linux64_1.0.100.202602081740/tools/bin/../lib/gcc/arm-none-eabi/14.3.1/../../../../arm-none-eabi/lib/thumb/v7e-m+fp/hard/libc_nano.a(libc_a-findfp.o) (__sread)
/opt/st/stm32cubeide_2.2.0/plugins/com.st.stm32cube.ide.mcu.externaltools.gnu-tools-for-stm32.14.3.rel1.linux64_1.0.100.202602081740/tools/bin/../lib/gcc/arm-none-eabi/14.3.1/../../../../arm-none-eabi/lib/thumb/v7e-m+fp/hard/libc_nano.a(libc_a-memset.o)
[...]
Memory Configuration

Name             Origin             Length             Attributes
RETRAM_interrupts 0x00000000         0x00000600         xrw
SRAM1_text       0x10000000         0x00020000         xrw
SRAM2_data       0x10020000         0x00020000         xrw
SRAM3_ipc_shm    0x10040000         0x00010000         xrw
SRAM4            0x10050000         0x00010000         xrw
*default*        0x00000000         0xffffffff

Linker script and memory map

LOAD /opt/st/stm32cubeide_2.2.0/plugins/com.st.stm32cube.ide.mcu.externaltools.gnu-tools-for-stm32.14.3.rel1.linux64_1.0.100.202602081740/tools/bin/../lib/gcc/arm-none-eabi/14.3.1/thumb/v7e-m+fp/hard/crti.o
LOAD /opt/st/stm32cubeide_2.2.0/plugins/com.st.stm32cube.ide.mcu.externaltools.gnu-tools-for-stm32.14.3.rel1.linux64_1.0.100.202602081740/tools/bin/../lib/gcc/arm-none-eabi/14.3.1/thumb/v7e-m+fp/hard/crtbegin.o
LOAD /opt/st/stm32cubeide_2.2.0/plugins/com.st.stm32cube.ide.mcu.externaltools.gnu-tools-for-stm32.14.3.rel1.linux64_1.0.100.202602081740/tools/bin/../lib/gcc/arm-none-eabi/14.3.1/../../../../arm-none-eabi/lib/thumb/v7e-m+fp/hard/crt0.o
LOAD ./Common/System/system_stm32mp1xx.o
LOAD ./Drivers/STM32MP1xx_HAL_Driver/stm32mp1xx_hal.o
LOAD ./Drivers/STM32MP1xx_HAL_Driver/stm32mp1xx_hal_cortex.o
LOAD ./Drivers/STM32MP1xx_HAL_Driver/stm32mp1xx_hal_dma.o
LOAD ./Drivers/STM32MP1xx_HAL_Driver/stm32mp1xx_hal_dma_ex.o
LOAD ./Drivers/STM32MP1xx_HAL_Driver/stm32mp1xx_hal_exti.o
LOAD ./Drivers/STM32MP1xx_HAL_Driver/stm32mp1xx_hal_gpio.o
LOAD ./Drivers/STM32MP1xx_HAL_Driver/stm32mp1xx_hal_hsem.o
LOAD ./Drivers/STM32MP1xx_HAL_Driver/stm32mp1xx_hal_i2c.o
LOAD ./Drivers/STM32MP1xx_HAL_Driver/stm32mp1xx_hal_i2c_ex.o
LOAD ./Drivers/STM32MP1xx_HAL_Driver/stm32mp1xx_hal_ipcc.o
LOAD ./Drivers/STM32MP1xx_HAL_Driver/stm32mp1xx_hal_mdma.o
LOAD ./Drivers/STM32MP1xx_HAL_Driver/stm32mp1xx_hal_pwr.o
LOAD ./Drivers/STM32MP1xx_HAL_Driver/stm32mp1xx_hal_pwr_ex.o
LOAD ./Drivers/STM32MP1xx_HAL_Driver/stm32mp1xx_hal_rcc.o
LOAD ./Drivers/STM32MP1xx_HAL_Driver/stm32mp1xx_hal_rcc_ex.o
LOAD ./Middlewares/Third_Party/OpenAMP/condition.o
LOAD ./Middlewares/Third_Party/OpenAMP/device.o
LOAD ./Middlewares/Third_Party/OpenAMP/generic_device.o
LOAD ./Middlewares/Third_Party/OpenAMP/generic_init.o
LOAD ./Middlewares/Third_Party/OpenAMP/generic_io.o
LOAD ./Middlewares/Third_Party/OpenAMP/generic_shmem.o
LOAD ./Middlewares/Third_Party/OpenAMP/init.o
LOAD ./Middlewares/Third_Party/OpenAMP/io.o
LOAD ./Middlewares/Third_Party/OpenAMP/log.o
LOAD ./Middlewares/Third_Party/OpenAMP/remoteproc_virtio.o
LOAD ./Middlewares/Third_Party/OpenAMP/rpmsg.o
LOAD ./Middlewares/Third_Party/OpenAMP/rpmsg_virtio.o
LOAD ./Middlewares/Third_Party/OpenAMP/shmem.o
LOAD ./Middlewares/Third_Party/OpenAMP/sys.o
LOAD ./Middlewares/Third_Party/OpenAMP/time.o
LOAD ./Middlewares/Third_Party/OpenAMP/virt_uart.o
LOAD ./Middlewares/Third_Party/OpenAMP/virtio.o
LOAD ./Middlewares/Third_Party/OpenAMP/virtqueue.o
LOAD ./Src/main.o
LOAD ./Src/mbox_ipcc.o
LOAD ./Src/openamp.o
LOAD ./Src/openamp_log.o
LOAD ./Src/rsc_table.o
LOAD ./Src/stm32mp1xx_hal_msp.o
LOAD ./Src/stm32mp1xx_it.o
LOAD ./Src/syscalls.o
LOAD ./Src/sysmem.o
LOAD ./Startup/startup_stm32mp157cacx.o
START GROUP
LOAD /opt/st/stm32cubeide_2.2.0/plugins/com.st.stm32cube.ide.mcu.externaltools.gnu-tools-for-stm32.14.3.rel1.linux64_1.0.100.202602081740/tools/bin/../lib/gcc/arm-none-eabi/14.3.1/../../../../arm-none-eabi/lib/thumb/v7e-m+fp/hard/libc_nano.a
LOAD /opt/st/stm32cubeide_2.2.0/plugins/com.st.stm32cube.ide.mcu.externaltools.gnu-tools-for-stm32.14.3.rel1.linux64_1.0.100.202602081740/tools/bin/../lib/gcc/arm-none-eabi/14.3.1/../../../../arm-none-eabi/lib/thumb/v7e-m+fp/hard/libm.a
END GROUP
START GROUP
LOAD /opt/st/stm32cubeide_2.2.0/plugins/com.st.stm32cube.ide.mcu.externaltools.gnu-tools-for-stm32.14.3.rel1.linux64_1.0.100.202602081740/tools/bin/../lib/gcc/arm-none-eabi/14.3.1/thumb/v7e-m+fp/hard/libgcc.a
LOAD /opt/st/stm32cubeide_2.2.0/plugins/com.st.stm32cube.ide.mcu.externaltools.gnu-tools-for-stm32.14.3.rel1.linux64_1.0.100.202602081740/tools/bin/../lib/gcc/arm-none-eabi/14.3.1/../../../../arm-none-eabi/lib/thumb/v7e-m+fp/hard/libc_nano.a
END GROUP
START GROUP
LOAD /opt/st/stm32cubeide_2.2.0/plugins/com.st.stm32cube.ide.mcu.externaltools.gnu-tools-for-stm32.14.3.rel1.linux64_1.0.100.202602081740/tools/bin/../lib/gcc/arm-none-eabi/14.3.1/thumb/v7e-m+fp/hard/libgcc.a
LOAD /opt/st/stm32cubeide_2.2.0/plugins/com.st.stm32cube.ide.mcu.externaltools.gnu-tools-for-stm32.14.3.rel1.linux64_1.0.100.202602081740/tools/bin/../lib/gcc/arm-none-eabi/14.3.1/../../../../arm-none-eabi/lib/thumb/v7e-m+fp/hard/libc_nano.a
LOAD /opt/st/stm32cubeide_2.2.0/plugins/com.st.stm32cube.ide.mcu.externaltools.gnu-tools-for-stm32.14.3.rel1.linux64_1.0.100.202602081740/tools/bin/../lib/gcc/arm-none-eabi/14.3.1/../../../../arm-none-eabi/lib/thumb/v7e-m+fp/hard/libnosys.a
END GROUP
START GROUP
LOAD /opt/st/stm32cubeide_2.2.0/plugins/com.st.stm32cube.ide.mcu.externaltools.gnu-tools-for-stm32.14.3.rel1.linux64_1.0.100.202602081740/tools/bin/../lib/gcc/arm-none-eabi/14.3.1/thumb/v7e-m+fp/hard/libgcc.a
LOAD /opt/st/stm32cubeide_2.2.0/plugins/com.st.stm32cube.ide.mcu.externaltools.gnu-tools-for-stm32.14.3.rel1.linux64_1.0.100.202602081740/tools/bin/../lib/gcc/arm-none-eabi/14.3.1/../../../../arm-none-eabi/lib/thumb/v7e-m+fp/hard/libc_nano.a
LOAD /opt/st/stm32cubeide_2.2.0/plugins/com.st.stm32cube.ide.mcu.externaltools.gnu-tools-for-stm32.14.3.rel1.linux64_1.0.100.202602081740/tools/bin/../lib/gcc/arm-none-eabi/14.3.1/../../../../arm-none-eabi/lib/thumb/v7e-m+fp/hard/libnosys.a
END GROUP
LOAD /opt/st/stm32cubeide_2.2.0/plugins/com.st.stm32cube.ide.mcu.externaltools.gnu-tools-for-stm32.14.3.rel1.linux64_1.0.100.202602081740/tools/bin/../lib/gcc/arm-none-eabi/14.3.1/thumb/v7e-m+fp/hard/crtend.o
LOAD /opt/st/stm32cubeide_2.2.0/plugins/com.st.stm32cube.ide.mcu.externaltools.gnu-tools-for-stm32.14.3.rel1.linux64_1.0.100.202602081740/tools/bin/../lib/gcc/arm-none-eabi/14.3.1/thumb/v7e-m+fp/hard/crtn.o
                0x10040000                        _estack = (ORIGIN (SRAM2_data) + LENGTH (SRAM2_data))
                0x00000200                        _Min_Heap_Size = 0x200
                0x00000400                        _Min_Stack_Size = 0x400
                0x10040000                        __OPENAMP_region_start__ = ORIGIN (SRAM3_ipc_shm)
                0x10050000                        __OPENAMP_region_end__ = (ORIGIN (SRAM3_ipc_shm) + LENGTH (SRAM3_ipc_shm))

.isr_vector     0x00000000      0x298
                0x00000000                        . = ALIGN (0x4)
 *(.isr_vector)
 .isr_vector    0x00000000      0x298 ./Startup/startup_stm32mp157cacx.o
                0x00000000                g_pfnVectors
                0x00000298                        . = ALIGN (0x4)

.text           0x10000000     0x948c
                0x10000000                        . = ALIGN (0x4)
 *(.text)
 .text          0x10000000       0x40 /opt/st/stm32cubeide_2.2.0/plugins/com.st.stm32cube.ide.mcu.externaltools.gnu-tools-for-stm32.14.3.rel1.linux64_1.0.100.202602081740/tools/bin/../lib/gcc/arm-none-eabi/14.3.1/thumb/v7e-m+fp/hard/crtbegin.o
 .text          0x10000040       0x14 /opt/st/stm32cubeide_2.2.0/plugins/com.st.stm32cube.ide.mcu.externaltools.gnu-tools-for-stm32.14.3.rel1.linux64_1.0.100.202602081740/tools/bin/../lib/gcc/arm-none-eabi/14.3.1/../../../../arm-none-eabi/lib/thumb/v7e-m+fp/hard/libc_nano.a(libc_a-strcmp.o)
                0x10000040                strcmp
 *fill*         0x10000054        0xc 
 .text          0x10000060       0xa0 /opt/st/stm32cubeide_2.2.0/plugins/com.st.stm32cube.ide.mcu.externaltools.gnu-tools-for-stm32.14.3.rel1.linux64_1.0.100.202602081740/tools/bin/../lib/gcc/arm-none-eabi/14.3.1/../../../../arm-none-eabi/lib/thumb/v7e-m+fp/hard/libc_nano.a(libc_a-memchr.o)
                0x10000060                memchr
 *(.text*)
 .text.SystemInit
                0x10000100       0x4c ./Common/System/system_stm32mp1xx.o
                0x10000100                SystemInit
 .text.HAL_Init
                0x1000014c       0x34 ./Drivers/STM32MP1xx_HAL_Driver/stm32mp1xx_hal.o
                0x1000014c                HAL_Init
 .text.HAL_InitTick
                0x10000180       0x6c ./Drivers/STM32MP1xx_HAL_Driver/stm32mp1xx_hal.o
                0x10000180                HAL_InitTick
 .text.HAL_IncTick
                0x100001ec       0x28 ./Drivers/STM32MP1xx_HAL_Driver/stm32mp1xx_hal.o
                0x100001ec                HAL_IncTick
 .text.HAL_GetTick
                0x10000214       0x18 ./Drivers/STM32MP1xx_HAL_Driver/stm32mp1xx_hal.o
                0x10000214                HAL_GetTick
 .text.HAL_Delay
                0x1000022c       0x48 ./Drivers/STM32MP1xx_HAL_Driver/stm32mp1xx_hal.o
                0x1000022c                HAL_Delay
 .text.__NVIC_SetPriorityGrouping
                0x10000274       0x48 ./Drivers/STM32MP1xx_HAL_Driver/stm32mp1xx_hal_cortex.o
 .text.__NVIC_GetPriorityGrouping
                0x100002bc       0x1c ./Drivers/STM32MP1xx_HAL_Driver/stm32mp1xx_hal_cortex.o
 .text.__NVIC_EnableIRQ
                0x100002d8       0x3c ./Drivers/STM32MP1xx_HAL_Driver/stm32mp1xx_hal_cortex.o
 .text.__NVIC_SetPriority
                0x10000314       0x54 ./Drivers/STM32MP1xx_HAL_Driver/stm32mp1xx_hal_cortex.o
 .text.NVIC_EncodePriority
                0x10000368       0x66 ./Drivers/STM32MP1xx_HAL_Driver/stm32mp1xx_hal_cortex.o
 *fill*         0x100003ce        0x2 
 .text.SysTick_Config
                0x100003d0       0x44 ./Drivers/STM32MP1xx_HAL_Driver/stm32mp1xx_hal_cortex.o
 .text.HAL_NVIC_SetPriorityGrouping
                0x10000414       0x16 ./Drivers/STM32MP1xx_HAL_Driver/stm32mp1xx_hal_cortex.o
                0x10000414                HAL_NVIC_SetPriorityGrouping
 .text.HAL_NVIC_SetPriority
                0x1000042a       0x38 ./Drivers/STM32MP1xx_HAL_Driver/stm32mp1xx_hal_cortex.o
                0x1000042a                HAL_NVIC_SetPriority
 .text.HAL_NVIC_EnableIRQ
                0x10000462       0x1c ./Drivers/STM32MP1xx_HAL_Driver/stm32mp1xx_hal_cortex.o
                0x10000462                HAL_NVIC_EnableIRQ
 .text.HAL_SYSTICK_Config
                0x1000047e       0x18 ./Drivers/STM32MP1xx_HAL_Driver/stm32mp1xx_hal_cortex.o
                0x1000047e                HAL_SYSTICK_Config
 *fill*         0x10000496        0x2 
 .text.HAL_GPIO_Init
                0x10000498      0x354 ./Drivers/STM32MP1xx_HAL_Driver/stm32mp1xx_hal_gpio.o
                0x10000498                HAL_GPIO_Init
 .text.HAL_GPIO_WritePin
                0x100007ec       0x32 ./Drivers/STM32MP1xx_HAL_Driver/stm32mp1xx_hal_gpio.o
                0x100007ec                HAL_GPIO_WritePin
 .text.HAL_GPIO_TogglePin
                0x1000081e       0x32 ./Drivers/STM32MP1xx_HAL_Driver/stm32mp1xx_hal_gpio.o
                0x1000081e                HAL_GPIO_TogglePin
 .text.HAL_HSEM_IRQHandler
                0x10000850       0x34 ./Drivers/STM32MP1xx_HAL_Driver/stm32mp1xx_hal_hsem.o
                0x10000850                HAL_HSEM_IRQHandler
 .text.HAL_HSEM_FreeCallback
                0x10000884       0x14 ./Drivers/STM32MP1xx_HAL_Driver/stm32mp1xx_hal_hsem.o
                0x10000884                HAL_HSEM_FreeCallback
 .text.HAL_I2C_Init
                0x10000898      0x11e ./Drivers/STM32MP1xx_HAL_Driver/stm32mp1xx_hal_i2c.o
                0x10000898                HAL_I2C_Init
 *fill*         0x100009b6        0x2 
 .text.HAL_I2C_Mem_Write
                0x100009b8      0x228 ./Drivers/STM32MP1xx_HAL_Driver/stm32mp1xx_hal_i2c.o
                0x100009b8                HAL_I2C_Mem_Write
 .text.HAL_I2C_Mem_Read
                0x10000be0      0x234 ./Drivers/STM32MP1xx_HAL_Driver/stm32mp1xx_hal_i2c.o
                0x10000be0                HAL_I2C_Mem_Read
 .text.I2C_RequestMemoryWrite
                0x10000e14       0xa8 ./Drivers/STM32MP1xx_HAL_Driver/stm32mp1xx_hal_i2c.o
 .text.I2C_RequestMemoryRead
                0x10000ebc       0xa8 ./Drivers/STM32MP1xx_HAL_Driver/stm32mp1xx_hal_i2c.o
 .text.I2C_Flush_TXDR
                0x10000f64       0x48 ./Drivers/STM32MP1xx_HAL_Driver/stm32mp1xx_hal_i2c.o
 .text.I2C_WaitOnFlagUntilTimeout
                0x10000fac       0x80 ./Drivers/STM32MP1xx_HAL_Driver/stm32mp1xx_hal_i2c.o
 .text.I2C_WaitOnTXISFlagUntilTimeout
                0x1000102c       0x80 ./Drivers/STM32MP1xx_HAL_Driver/stm32mp1xx_hal_i2c.o
 .text.I2C_WaitOnSTOPFlagUntilTimeout
                0x100010ac       0x78 ./Drivers/STM32MP1xx_HAL_Driver/stm32mp1xx_hal_i2c.o
 .text.I2C_IsErrorOccurred
                0x10001124      0x1d8 ./Drivers/STM32MP1xx_HAL_Driver/stm32mp1xx_hal_i2c.o
 .text.I2C_TransferConfig
                0x100012fc       0x64 ./Drivers/STM32MP1xx_HAL_Driver/stm32mp1xx_hal_i2c.o
 .text.HAL_I2CEx_ConfigAnalogFilter
                0x10001360       0x96 ./Drivers/STM32MP1xx_HAL_Driver/stm32mp1xx_hal_i2c_ex.o
                0x10001360                HAL_I2CEx_ConfigAnalogFilter
 .text.HAL_I2CEx_ConfigDigitalFilter
                0x100013f6       0x98 ./Drivers/STM32MP1xx_HAL_Driver/stm32mp1xx_hal_i2c_ex.o
                0x100013f6                HAL_I2CEx_ConfigDigitalFilter
 *fill*         0x1000148e        0x2 
 .text.HAL_IPCC_Init
                0x10001490       0x64 ./Drivers/STM32MP1xx_HAL_Driver/stm32mp1xx_hal_ipcc.o
                0x10001490                HAL_IPCC_Init
 .text.HAL_IPCC_ActivateNotification
                0x100014f4       0x9c ./Drivers/STM32MP1xx_HAL_Driver/stm32mp1xx_hal_ipcc.o
                0x100014f4                HAL_IPCC_ActivateNotification
 .text.HAL_IPCC_GetChannelStatus
                0x10001590       0x68 ./Drivers/STM32MP1xx_HAL_Driver/stm32mp1xx_hal_ipcc.o
                0x10001590                HAL_IPCC_GetChannelStatus
 .text.HAL_IPCC_NotifyCPU
                0x100015f8       0x8c ./Drivers/STM32MP1xx_HAL_Driver/stm32mp1xx_hal_ipcc.o
                0x100015f8                HAL_IPCC_NotifyCPU
 .text.HAL_IPCC_TX_IRQHandler
                0x10001684       0x9c ./Drivers/STM32MP1xx_HAL_Driver/stm32mp1xx_hal_ipcc.o
                0x10001684                HAL_IPCC_TX_IRQHandler
 .text.HAL_IPCC_RX_IRQHandler
                0x10001720       0x98 ./Drivers/STM32MP1xx_HAL_Driver/stm32mp1xx_hal_ipcc.o
                0x10001720                HAL_IPCC_RX_IRQHandler
 .text.HAL_IPCC_RxCallback
                0x100017b8       0x1a ./Drivers/STM32MP1xx_HAL_Driver/stm32mp1xx_hal_ipcc.o
                0x100017b8                HAL_IPCC_RxCallback
 .text.HAL_IPCC_TxCallback
                0x100017d2       0x1a ./Drivers/STM32MP1xx_HAL_Driver/stm32mp1xx_hal_ipcc.o
                0x100017d2                HAL_IPCC_TxCallback
 .text.IPCC_UnmaskInterrupt
                0x100017ec       0x5c ./Drivers/STM32MP1xx_HAL_Driver/stm32mp1xx_hal_ipcc.o
                0x100017ec                IPCC_UnmaskInterrupt
 .text.IPCC_SetDefaultCallbacks
                0x10001848       0x4c ./Drivers/STM32MP1xx_HAL_Driver/stm32mp1xx_hal_ipcc.o
                0x10001848                IPCC_SetDefaultCallbacks
 .text.IPCC_Reset_Register
                0x10001894       0x28 ./Drivers/STM32MP1xx_HAL_Driver/stm32mp1xx_hal_ipcc.o
                0x10001894                IPCC_Reset_Register
 .text.HAL_RCC_OscConfig
                0x100018bc      0x664 ./Drivers/STM32MP1xx_HAL_Driver/stm32mp1xx_hal_rcc.o
                0x100018bc                HAL_RCC_OscConfig
 .text.HAL_RCC_HSEConfig
                0x10001f20       0xd6 ./Drivers/STM32MP1xx_HAL_Driver/stm32mp1xx_hal_rcc.o
                0x10001f20                HAL_RCC_HSEConfig
 .text.HAL_RCC_LSEConfig
                0x10001ff6       0xfa ./Drivers/STM32MP1xx_HAL_Driver/stm32mp1xx_hal_rcc.o
                0x10001ff6                HAL_RCC_LSEConfig
 .text.RCC_PLL1_Config
                0x100020f0      0x308 ./Drivers/STM32MP1xx_HAL_Driver/stm32mp1xx_hal_rcc.o
                0x100020f0                RCC_PLL1_Config
 .text.HAL_RCC_ClockConfig
                0x100023f8      0x224 ./Drivers/STM32MP1xx_HAL_Driver/stm32mp1xx_hal_rcc.o
                0x100023f8                HAL_RCC_ClockConfig
 .text.RCC_MPUConfig
                0x1000261c       0xec ./Drivers/STM32MP1xx_HAL_Driver/stm32mp1xx_hal_rcc.o
                0x1000261c                RCC_MPUConfig
 .text.RCC_AXISSConfig
                0x10002708      0x12e ./Drivers/STM32MP1xx_HAL_Driver/stm32mp1xx_hal_rcc.o
                0x10002708                RCC_AXISSConfig
 *fill*         0x10002836        0x2 
 .text.RCC_MCUConfig
                0x10002838      0x150 ./Drivers/STM32MP1xx_HAL_Driver/stm32mp1xx_hal_rcc.o
                0x10002838                RCC_MCUConfig
 .text.HAL_RCC_GetPLL3ClockFreq
                0x10002988      0x1f4 ./Drivers/STM32MP1xx_HAL_Driver/stm32mp1xx_hal_rcc.o
                0x10002988                HAL_RCC_GetPLL3ClockFreq
 .text.HAL_RCC_GetMCUFreq
                0x10002b7c       0x36 ./Drivers/STM32MP1xx_HAL_Driver/stm32mp1xx_hal_rcc.o
                0x10002b7c                HAL_RCC_GetMCUFreq
 .text.HAL_RCC_GetSystemCoreClockFreq
                0x10002bb2        0xe ./Drivers/STM32MP1xx_HAL_Driver/stm32mp1xx_hal_rcc.o
                0x10002bb2                HAL_RCC_GetSystemCoreClockFreq
 .text.HAL_RCC_GetMCUSSFreq
                0x10002bc0       0x74 ./Drivers/STM32MP1xx_HAL_Driver/stm32mp1xx_hal_rcc.o
                0x10002bc0                HAL_RCC_GetMCUSSFreq
 .text.HAL_RCC_WAKEUP_IRQHandler
                0x10002c34       0x2a ./Drivers/STM32MP1xx_HAL_Driver/stm32mp1xx_hal_rcc.o
                0x10002c34                HAL_RCC_WAKEUP_IRQHandler
 .text.HAL_RCC_WAKEUP_Callback
                0x10002c5e        0xe ./Drivers/STM32MP1xx_HAL_Driver/stm32mp1xx_hal_rcc.o
                0x10002c5e                HAL_RCC_WAKEUP_Callback
 .text.RCCEx_PLL2_Config
                0x10002c6c      0x304 ./Drivers/STM32MP1xx_HAL_Driver/stm32mp1xx_hal_rcc_ex.o
                0x10002c6c                RCCEx_PLL2_Config
 .text.RCCEx_PLL3_Config
                0x10002f70      0x2d4 ./Drivers/STM32MP1xx_HAL_Driver/stm32mp1xx_hal_rcc_ex.o
                0x10002f70                RCCEx_PLL3_Config
 .text.RCCEx_PLL4_Config
                0x10003244      0x2b0 ./Drivers/STM32MP1xx_HAL_Driver/stm32mp1xx_hal_rcc_ex.o
                0x10003244                RCCEx_PLL4_Config
 .text.HAL_RCCEx_PeriphCLKConfig
                0x100034f4     0x1d28 ./Drivers/STM32MP1xx_HAL_Driver/stm32mp1xx_hal_rcc_ex.o
                0x100034f4                HAL_RCCEx_PeriphCLKConfig
 .text.metal_list_init
                0x1000521c       0x20 ./Middlewares/Third_Party/OpenAMP/device.o
 .text.metal_list_add_before
                0x1000523c       0x34 ./Middlewares/Third_Party/OpenAMP/device.o
 .text.metal_list_add_tail
                0x10005270       0x1a ./Middlewares/Third_Party/OpenAMP/device.o
 .text.__metal_cache_flush
                0x1000528a       0x1a ./Middlewares/Third_Party/OpenAMP/device.o
 .text.__metal_cache_invalidate
                0x100052a4       0x1a ./Middlewares/Third_Party/OpenAMP/device.o
 .text.metal_cache_flush
                0x100052be       0x1a ./Middlewares/Third_Party/OpenAMP/device.o
 .text.metal_cache_invalidate
                0x100052d8       0x1a ./Middlewares/Third_Party/OpenAMP/device.o
 *fill*         0x100052f2        0x2 
 .text.metal_bus_register
                0x100052f4       0x88 ./Middlewares/Third_Party/OpenAMP/device.o
                0x100052f4                metal_bus_register
 .text.metal_bus_find
                0x1000537c       0x5c ./Middlewares/Third_Party/OpenAMP/device.o
                0x1000537c                metal_bus_find
 .text.metal_device_open
                0x100053d8       0x7c ./Middlewares/Third_Party/OpenAMP/device.o
                0x100053d8                metal_device_open
 .text.metal_register_generic_device
                0x10005454       0x4c ./Middlewares/Third_Party/OpenAMP/device.o
                0x10005454                metal_register_generic_device
 .text.metal_generic_dev_open
                0x100054a0       0x60 ./Middlewares/Third_Party/OpenAMP/device.o
                0x100054a0                metal_generic_dev_open
 .text.metal_generic_dev_dma_map
                0x10005500       0xa2 ./Middlewares/Third_Party/OpenAMP/device.o
                0x10005500                metal_generic_dev_dma_map
 .text.metal_generic_dev_dma_unmap
                0x100055a2       0x56 ./Middlewares/Third_Party/OpenAMP/device.o
                0x100055a2                metal_generic_dev_dma_unmap
 .text.metal_generic_dev_sys_open
                0x100055f8       0x4e ./Middlewares/Third_Party/OpenAMP/generic_device.o
                0x100055f8                metal_generic_dev_sys_open
 *fill*         0x10005646        0x2 
 .text.metal_sys_init
                0x10005648       0x1c ./Middlewares/Third_Party/OpenAMP/generic_init.o
                0x10005648                metal_sys_init
 .text.metal_sys_io_mem_map
                0x10005664       0x7c ./Middlewares/Third_Party/OpenAMP/generic_io.o
                0x10005664                metal_sys_io_mem_map
 .text.metal_list_init
                0x100056e0       0x20 ./Middlewares/Third_Party/OpenAMP/init.o
 .text.metal_init
                0x10005700       0x64 ./Middlewares/Third_Party/OpenAMP/init.o
                0x10005700                metal_init
 .text.metal_io_virt
                0x10005764       0x38 ./Middlewares/Third_Party/OpenAMP/io.o
 .text.metal_io_init
                0x1000579c       0x9a ./Middlewares/Third_Party/OpenAMP/io.o
                0x1000579c                metal_io_init
 .text.metal_io_block_read
                0x10005836       0xea ./Middlewares/Third_Party/OpenAMP/io.o
                0x10005836                metal_io_block_read
 .text.metal_io_block_write
                0x10005920       0xe8 ./Middlewares/Third_Party/OpenAMP/io.o
                0x10005920                metal_io_block_write
 .text.metal_default_log_handler
                0x10005a08       0x1a ./Middlewares/Third_Party/OpenAMP/log.o
                0x10005a08                metal_default_log_handler
 .text.metal_io_virt
                0x10005a22       0x38 ./Middlewares/Third_Party/OpenAMP/remoteproc_virtio.o
 .text.metal_io_virt_to_offset
                0x10005a5a       0x32 ./Middlewares/Third_Party/OpenAMP/remoteproc_virtio.o
 .text.metal_io_read
                0x10005a8c      0x104 ./Middlewares/Third_Party/OpenAMP/remoteproc_virtio.o
 .text.metal_allocate_memory
                0x10005b90       0x18 ./Middlewares/Third_Party/OpenAMP/remoteproc_virtio.o
 .text.metal_free_memory
                0x10005ba8       0x16 ./Middlewares/Third_Party/OpenAMP/remoteproc_virtio.o
 .text.virtqueue_allocate
                0x10005bbe       0x32 ./Middlewares/Third_Party/OpenAMP/remoteproc_virtio.o
 .text.rproc_virtio_virtqueue_notify
                0x10005bf0       0x68 ./Middlewares/Third_Party/OpenAMP/remoteproc_virtio.o
 .text.rproc_virtio_get_status
                0x10005c58       0x44 ./Middlewares/Third_Party/OpenAMP/remoteproc_virtio.o
 .text.rproc_virtio_get_dfeatures
                0x10005c9c       0x44 ./Middlewares/Third_Party/OpenAMP/remoteproc_virtio.o
 .text.rproc_virtio_get_features
                0x10005ce0       0x50 ./Middlewares/Third_Party/OpenAMP/remoteproc_virtio.o
 .text.rproc_virtio_read_config
                0x10005d30       0x66 ./Middlewares/Third_Party/OpenAMP/remoteproc_virtio.o
 *fill*         0x10005d96        0x2 
 .text.rproc_virtio_create_vdev
                0x10005d98      0x15c ./Middlewares/Third_Party/OpenAMP/remoteproc_virtio.o
                0x10005d98                rproc_virtio_create_vdev
 .text.rproc_virtio_init_vring
                0x10005ef4       0x62 ./Middlewares/Third_Party/OpenAMP/remoteproc_virtio.o
                0x10005ef4                rproc_virtio_init_vring
 .text.rproc_virtio_notified
                0x10005f56       0x78 ./Middlewares/Third_Party/OpenAMP/remoteproc_virtio.o
                0x10005f56                rproc_virtio_notified
 .text.rproc_virtio_wait_remote_ready
                0x10005fce       0x32 ./Middlewares/Third_Party/OpenAMP/remoteproc_virtio.o
                0x10005fce                rproc_virtio_wait_remote_ready
 .text.__metal_mutex_acquire
                0x10006000       0x5c ./Middlewares/Third_Party/OpenAMP/rpmsg.o
 .text.__metal_mutex_release
                0x1000605c       0x2c ./Middlewares/Third_Party/OpenAMP/rpmsg.o
 .text.metal_mutex_acquire
                0x10006088       0x16 ./Middlewares/Third_Party/OpenAMP/rpmsg.o
 .text.metal_mutex_release
                0x1000609e       0x16 ./Middlewares/Third_Party/OpenAMP/rpmsg.o
 .text.metal_list_add_before
                0x100060b4       0x34 ./Middlewares/Third_Party/OpenAMP/rpmsg.o
 .text.metal_list_add_tail
                0x100060e8       0x1a ./Middlewares/Third_Party/OpenAMP/rpmsg.o
 .text.metal_list_del
                0x10006102       0x34 ./Middlewares/Third_Party/OpenAMP/rpmsg.o
 .text.metal_bitmap_set_bit
                0x10006136       0x38 ./Middlewares/Third_Party/OpenAMP/rpmsg.o
 .text.metal_bitmap_is_bit_set
                0x1000616e       0x30 ./Middlewares/Third_Party/OpenAMP/rpmsg.o
 .text.metal_bitmap_clear_bit
                0x1000619e       0x3a ./Middlewares/Third_Party/OpenAMP/rpmsg.o
 .text.metal_bitmap_is_bit_clear
                0x100061d8       0x26 ./Middlewares/Third_Party/OpenAMP/rpmsg.o
 .text.metal_bitmap_next_clear_bit
                0x100061fe       0x3a ./Middlewares/Third_Party/OpenAMP/rpmsg.o
 .text.rpmsg_initialize_ept
                0x10006238       0x48 ./Middlewares/Third_Party/OpenAMP/rpmsg.o
 .text.rpmsg_get_address
                0x10006280       0x42 ./Middlewares/Third_Party/OpenAMP/rpmsg.o
 .text.rpmsg_release_address
                0x100062c2       0x32 ./Middlewares/Third_Party/OpenAMP/rpmsg.o
 .text.rpmsg_is_address_set
                0x100062f4       0x3c ./Middlewares/Third_Party/OpenAMP/rpmsg.o
 .text.rpmsg_set_address
                0x10006330       0x3c ./Middlewares/Third_Party/OpenAMP/rpmsg.o
 .text.rpmsg_send_offchannel_raw
                0x1000636c       0x64 ./Middlewares/Third_Party/OpenAMP/rpmsg.o
                0x1000636c                rpmsg_send_offchannel_raw
 .text.rpmsg_send_ns_message
                0x100063d0       0x50 ./Middlewares/Third_Party/OpenAMP/rpmsg.o
                0x100063d0                rpmsg_send_ns_message
 .text.rpmsg_get_endpoint
                0x10006420       0xc0 ./Middlewares/Third_Party/OpenAMP/rpmsg.o
                0x10006420                rpmsg_get_endpoint
 .text.rpmsg_unregister_endpoint
                0x100064e0       0x56 ./Middlewares/Third_Party/OpenAMP/rpmsg.o
 .text.rpmsg_register_endpoint
                0x10006536       0x26 ./Middlewares/Third_Party/OpenAMP/rpmsg.o
                0x10006536                rpmsg_register_endpoint
 .text.rpmsg_create_ept
                0x1000655c      0x104 ./Middlewares/Third_Party/OpenAMP/rpmsg.o
                0x1000655c                rpmsg_create_ept
 .text.__metal_sleep_usec
                0x10006660       0x16 ./Middlewares/Third_Party/OpenAMP/rpmsg_virtio.o
 .text.metal_sleep_usec
                0x10006676       0x18 ./Middlewares/Third_Party/OpenAMP/rpmsg_virtio.o
 .text.metal_list_init
                0x1000668e       0x20 ./Middlewares/Third_Party/OpenAMP/rpmsg_virtio.o
 .text.metal_io_virt_to_offset
                0x100066ae       0x32 ./Middlewares/Third_Party/OpenAMP/rpmsg_virtio.o
 .text.__metal_mutex_init
                0x100066e0       0x2c ./Middlewares/Third_Party/OpenAMP/rpmsg_virtio.o
 .text.__metal_mutex_acquire
                0x1000670c       0x5c ./Middlewares/Third_Party/OpenAMP/rpmsg_virtio.o
 .text.__metal_mutex_release
                0x10006768       0x2c ./Middlewares/Third_Party/OpenAMP/rpmsg_virtio.o
 .text.metal_mutex_init
                0x10006794       0x16 ./Middlewares/Third_Party/OpenAMP/rpmsg_virtio.o
 .text.metal_mutex_acquire
                0x100067aa       0x16 ./Middlewares/Third_Party/OpenAMP/rpmsg_virtio.o
 .text.metal_mutex_release
                0x100067c0       0x16 ./Middlewares/Third_Party/OpenAMP/rpmsg_virtio.o
 .text.rpmsg_virtio_get_role
                0x100067d6       0x1a ./Middlewares/Third_Party/OpenAMP/rpmsg_virtio.o
 .text.rpmsg_virtio_set_status
                0x100067f0       0x26 ./Middlewares/Third_Party/OpenAMP/rpmsg_virtio.o
 .text.rpmsg_virtio_get_status
                0x10006816       0x22 ./Middlewares/Third_Party/OpenAMP/rpmsg_virtio.o
 .text.rpmsg_virtio_get_features
                0x10006838       0x22 ./Middlewares/Third_Party/OpenAMP/rpmsg_virtio.o
 .text.rpmsg_virtio_create_virtqueues
                0x1000685a       0x2a ./Middlewares/Third_Party/OpenAMP/rpmsg_virtio.o
 .text.rpmsg_initialize_ept
                0x10006884       0x48 ./Middlewares/Third_Party/OpenAMP/rpmsg_virtio.o
 .text.rpmsg_get_ept_from_addr
                0x100068cc       0x22 ./Middlewares/Third_Party/OpenAMP/rpmsg_virtio.o
 .text.rpmsg_virtio_init_shm_pool
                0x100068ee       0x32 ./Middlewares/Third_Party/OpenAMP/rpmsg_virtio.o
                0x100068ee                rpmsg_virtio_init_shm_pool
 .text.rpmsg_virtio_return_buffer
                0x10006920       0x32 ./Middlewares/Third_Party/OpenAMP/rpmsg_virtio.o
 .text.rpmsg_virtio_enqueue_buffer
                0x10006952       0x3a ./Middlewares/Third_Party/OpenAMP/rpmsg_virtio.o
 .text.rpmsg_virtio_get_tx_buffer
                0x1000698c       0x3a ./Middlewares/Third_Party/OpenAMP/rpmsg_virtio.o
 .text.rpmsg_virtio_get_rx_buffer
                0x100069c6       0x38 ./Middlewares/Third_Party/OpenAMP/rpmsg_virtio.o
 .text.rpmsg_virtio_wait_remote_ready
                0x100069fe       0x3a ./Middlewares/Third_Party/OpenAMP/rpmsg_virtio.o
 .text.rpmsg_virtio_hold_rx_buffer
                0x10006a38       0x28 ./Middlewares/Third_Party/OpenAMP/rpmsg_virtio.o
 .text.rpmsg_virtio_release_rx_buffer
                0x10006a60       0x52 ./Middlewares/Third_Party/OpenAMP/rpmsg_virtio.o
 .text.rpmsg_virtio_get_tx_payload_buffer
                0x10006ab2       0xa4 ./Middlewares/Third_Party/OpenAMP/rpmsg_virtio.o
 *fill*         0x10006b56        0x2 
 .text.rpmsg_virtio_send_offchannel_nocopy
                0x10006b58       0xd8 ./Middlewares/Third_Party/OpenAMP/rpmsg_virtio.o
 .text.rpmsg_virtio_send_offchannel_raw
                0x10006c30       0x98 ./Middlewares/Third_Party/OpenAMP/rpmsg_virtio.o
 .text.rpmsg_virtio_tx_callback
                0x10006cc8       0x14 ./Middlewares/Third_Party/OpenAMP/rpmsg_virtio.o
 .text.rpmsg_virtio_rx_callback
                0x10006cdc      0x124 ./Middlewares/Third_Party/OpenAMP/rpmsg_virtio.o
 .text.rpmsg_virtio_ns_callback
                0x10006e00       0xe6 ./Middlewares/Third_Party/OpenAMP/rpmsg_virtio.o
 *fill*         0x10006ee6        0x2 
 .text.rpmsg_init_vdev
                0x10006ee8      0x190 ./Middlewares/Third_Party/OpenAMP/rpmsg_virtio.o
                0x10006ee8                rpmsg_init_vdev
 .text.metal_machine_cache_flush
                0x10007078       0x16 ./Middlewares/Third_Party/OpenAMP/sys.o
                0x10007078                metal_machine_cache_flush
 .text.metal_machine_cache_invalidate
                0x1000708e       0x16 ./Middlewares/Third_Party/OpenAMP/sys.o
                0x1000708e                metal_machine_cache_invalidate
 .text.metal_machine_io_mem_map
                0x100070a4       0x1c ./Middlewares/Third_Party/OpenAMP/sys.o
                0x100070a4                metal_machine_io_mem_map
 .text.rpmsg_send
                0x100070c0       0x2e ./Middlewares/Third_Party/OpenAMP/virt_uart.o
 .text.VIRT_UART_read_cb
                0x100070ee       0x3c ./Middlewares/Third_Party/OpenAMP/virt_uart.o
 *fill*         0x1000712a        0x2 
 .text.VIRT_UART_Init
                0x1000712c       0x38 ./Middlewares/Third_Party/OpenAMP/virt_uart.o
                0x1000712c                VIRT_UART_Init
 .text.VIRT_UART_Transmit
                0x10007164       0x3c ./Middlewares/Third_Party/OpenAMP/virt_uart.o
                0x10007164                VIRT_UART_Transmit
 .text.virtio_create_virtqueues
                0x100071a0       0x9c ./Middlewares/Third_Party/OpenAMP/virtio.o
                0x100071a0                virtio_create_virtqueues
 .text.vring_init
                0x1000723c       0x52 ./Middlewares/Third_Party/OpenAMP/virtqueue.o
 .text.vring_need_event
                0x1000728e       0x3c ./Middlewares/Third_Party/OpenAMP/virtqueue.o
 .text.metal_io_virt
                0x100072ca       0x38 ./Middlewares/Third_Party/OpenAMP/virtqueue.o
 .text.metal_io_phys
                0x10007302       0x6e ./Middlewares/Third_Party/OpenAMP/virtqueue.o
 .text.metal_io_phys_to_offset
                0x10007370       0x76 ./Middlewares/Third_Party/OpenAMP/virtqueue.o
 .text.metal_io_phys_to_virt
                0x100073e6       0x26 ./Middlewares/Third_Party/OpenAMP/virtqueue.o
 .text.virtqueue_phys_to_virt
                0x1000740c       0x22 ./Middlewares/Third_Party/OpenAMP/virtqueue.o
 .text.virtqueue_create
                0x1000742e       0x62 ./Middlewares/Third_Party/OpenAMP/virtqueue.o
                0x1000742e                virtqueue_create
 .text.virtqueue_get_buffer_length
                0x10007490       0x24 ./Middlewares/Third_Party/OpenAMP/virtqueue.o
                0x10007490                virtqueue_get_buffer_length
 .text.virtqueue_get_available_buffer
                0x100074b4       0x90 ./Middlewares/Third_Party/OpenAMP/virtqueue.o
                0x100074b4                virtqueue_get_available_buffer
 .text.virtqueue_add_consumed_buffer
                0x10007544       0x84 ./Middlewares/Third_Party/OpenAMP/virtqueue.o
                0x10007544                virtqueue_add_consumed_buffer
 .text.virtqueue_disable_cb
                0x100075c8       0x70 ./Middlewares/Third_Party/OpenAMP/virtqueue.o
                0x100075c8                virtqueue_disable_cb
 .text.virtqueue_kick
                0x10007638       0x2c ./Middlewares/Third_Party/OpenAMP/virtqueue.o
                0x10007638                virtqueue_kick
 .text.vq_ring_init
                0x10007664       0x2c ./Middlewares/Third_Party/OpenAMP/virtqueue.o
 .text.virtqueue_notification
                0x10007690       0x24 ./Middlewares/Third_Party/OpenAMP/virtqueue.o
                0x10007690                virtqueue_notification
 .text.vq_ring_must_notify
                0x100076b4       0x94 ./Middlewares/Third_Party/OpenAMP/virtqueue.o
 .text.vq_ring_notify
                0x10007748       0x20 ./Middlewares/Third_Party/OpenAMP/virtqueue.o
 .text.MPU6050_Init
                0x10007768       0x8c ./Src/main.o
                0x10007768                MPU6050_Init
 .text.MPU6050_ReadAll
                0x100077f4       0xb4 ./Src/main.o
                0x100077f4                MPU6050_ReadAll
 .text.main     0x100078a8       0xa8 ./Src/main.o
                0x100078a8                main
 .text.SystemClock_Config
                0x10007950      0x1bc ./Src/main.o
                0x10007950                SystemClock_Config
 .text.MX_IPCC_Init
                0x10007b0c       0x28 ./Src/main.o
 .text.MX_I2C5_Init
                0x10007b34       0x80 ./Src/main.o
 .text.MX_GPIO_Init
                0x10007bb4       0x58 ./Src/main.o
 .text.Error_Handler
                0x10007c0c        0xc ./Src/main.o
                0x10007c0c                Error_Handler
 .text.MAILBOX_Init
                0x10007c18       0x48 ./Src/mbox_ipcc.o
                0x10007c18                MAILBOX_Init
 .text.MAILBOX_Poll
                0x10007c60       0x54 ./Src/mbox_ipcc.o
                0x10007c60                MAILBOX_Poll
 .text.MAILBOX_Notify
                0x10007cb4       0x64 ./Src/mbox_ipcc.o
                0x10007cb4                MAILBOX_Notify
 .text.IPCC_channel1_callback
                0x10007d18       0x2c ./Src/mbox_ipcc.o
                0x10007d18                IPCC_channel1_callback
 .text.IPCC_channel2_callback
                0x10007d44       0x2c ./Src/mbox_ipcc.o
                0x10007d44                IPCC_channel2_callback
 .text.metal_device_io_region
                0x10007d70       0x36 ./Src/openamp.o
 *fill*         0x10007da6        0x2 
 .text.OPENAMP_shmem_init
                0x10007da8      0x140 ./Src/openamp.o
 .text.MX_OPENAMP_Init
                0x10007ee8      0x128 ./Src/openamp.o
                0x10007ee8                MX_OPENAMP_Init
 .text.OPENAMP_create_endpoint
                0x10008010       0x3c ./Src/openamp.o
                0x10008010                OPENAMP_create_endpoint
 .text.OPENAMP_check_for_message
                0x1000804c       0x18 ./Src/openamp.o
                0x1000804c                OPENAMP_check_for_message
 .text.resource_table_init
                0x10008064       0x28 ./Src/rsc_table.o
                0x10008064                resource_table_init
 .text.HAL_MspInit
                0x1000808c       0xac ./Src/stm32mp1xx_hal_msp.o
                0x1000808c                HAL_MspInit
 .text.HAL_I2C_MspInit
                0x10008138       0xe4 ./Src/stm32mp1xx_hal_msp.o
                0x10008138                HAL_I2C_MspInit
 .text.HAL_IPCC_MspInit
                0x1000821c       0x4c ./Src/stm32mp1xx_hal_msp.o
                0x1000821c                HAL_IPCC_MspInit
 .text.NMI_Handler
                0x10008268        0x8 ./Src/stm32mp1xx_it.o
                0x10008268                NMI_Handler
 .text.HardFault_Handler
                0x10008270        0x8 ./Src/stm32mp1xx_it.o
                0x10008270                HardFault_Handler
 .text.MemManage_Handler
                0x10008278        0x8 ./Src/stm32mp1xx_it.o
                0x10008278                MemManage_Handler
 .text.BusFault_Handler
                0x10008280        0x8 ./Src/stm32mp1xx_it.o
                0x10008280                BusFault_Handler
 .text.UsageFault_Handler
                0x10008288        0x8 ./Src/stm32mp1xx_it.o
                0x10008288                UsageFault_Handler
 .text.SVC_Handler
                0x10008290        0xe ./Src/stm32mp1xx_it.o
                0x10008290                SVC_Handler
 .text.DebugMon_Handler
                0x1000829e        0xe ./Src/stm32mp1xx_it.o
                0x1000829e                DebugMon_Handler
 .text.PendSV_Handler
                0x100082ac        0xe ./Src/stm32mp1xx_it.o
                0x100082ac                PendSV_Handler
 .text.SysTick_Handler
                0x100082ba        0xc ./Src/stm32mp1xx_it.o
                0x100082ba                SysTick_Handler
 .text.RCC_IRQHandler
                0x100082c6        0xe ./Src/stm32mp1xx_it.o
                0x100082c6                RCC_IRQHandler
 .text.FPU_IRQHandler
                0x100082d4        0xe ./Src/stm32mp1xx_it.o
                0x100082d4                FPU_IRQHandler
 *fill*         0x100082e2        0x2 
 .text.IPCC_RX1_IRQHandler
                0x100082e4       0x14 ./Src/stm32mp1xx_it.o
                0x100082e4                IPCC_RX1_IRQHandler
 .text.IPCC_TX1_IRQHandler
                0x100082f8       0x14 ./Src/stm32mp1xx_it.o
                0x100082f8                IPCC_TX1_IRQHandler
 .text.HSEM_IT2_IRQHandler
                0x1000830c        0xc ./Src/stm32mp1xx_it.o
                0x1000830c                HSEM_IT2_IRQHandler
 .text.MPU_SEV_IRQHandler
                0x10008318        0xe ./Src/stm32mp1xx_it.o
                0x10008318                MPU_SEV_IRQHandler
 .text.RCC_WAKEUP_IRQHandler
                0x10008326        0xc ./Src/stm32mp1xx_it.o
                0x10008326                RCC_WAKEUP_IRQHandler
 .text._getpid  0x10008332       0x10 ./Src/syscalls.o
                0x10008332                _getpid
 .text._kill    0x10008342       0x20 ./Src/syscalls.o
                0x10008342                _kill
 .text._exit    0x10008362       0x16 ./Src/syscalls.o
                0x10008362                _exit
 .text._read    0x10008378       0x3a ./Src/syscalls.o
                0x10008378                _read
 .text._write   0x100083b2       0x38 ./Src/syscalls.o
                0x100083b2                _write
 .text._close   0x100083ea       0x18 ./Src/syscalls.o
                0x100083ea                _close
 .text._fstat   0x10008402       0x20 ./Src/syscalls.o
                0x10008402                _fstat
 .text._isatty  0x10008422       0x16 ./Src/syscalls.o
                0x10008422                _isatty
 .text._lseek   0x10008438       0x1a ./Src/syscalls.o
                0x10008438                _lseek
 *fill*         0x10008452        0x2 
 .text._sbrk    0x10008454       0x6c ./Src/sysmem.o
                0x10008454                _sbrk
 .text.Default_Handler
                0x100084c0        0x2 ./Startup/startup_stm32mp157cacx.o
                0x100084c0                EXTI2_IRQHandler
                0x100084c0                TIM8_TRG_COM_IRQHandler
                0x100084c0                TIM8_CC_IRQHandler
                0x100084c0                EXTI5_IRQHandler
                0x100084c0                UART8_IRQHandler
                0x100084c0                SPI4_IRQHandler
                0x100084c0                EXTI13_IRQHandler
                0x100084c0                TIM1_CC_IRQHandler
                0x100084c0                DMA2_Stream5_IRQHandler
                0x100084c0                ETH1_WKUP_IRQHandler
                0x100084c0                TAMP_IRQHandler
                0x100084c0                DMA1_Stream5_IRQHandler
                0x100084c0                TIM6_IRQHandler
                0x100084c0                EXTI12_IRQHandler
                0x100084c0                EXTI3_IRQHandler
                0x100084c0                LPTIM4_IRQHandler
                0x100084c0                EXTI8_IRQHandler
                0x100084c0                LPTIM2_IRQHandler
                0x100084c0                DFSDM1_FLT1_IRQHandler
                0x100084c0                I2C3_ER_IRQHandler
                0x100084c0                DFSDM1_FLT2_IRQHandler
                0x100084c0                I2C5_EV_IRQHandler
                0x100084c0                MDMA_IRQHandler
                0x100084c0                LPTIM3_IRQHandler
                0x100084c0                EXTI0_IRQHandler
                0x100084c0                I2C2_EV_IRQHandler
                0x100084c0                DMA1_Stream2_IRQHandler
                0x100084c0                USBH_OHCI_IRQHandler
                0x100084c0                FDCAN1_IT1_IRQHandler
                0x100084c0                LTDC_ER_IRQHandler
                0x100084c0                DMA2_Stream2_IRQHandler
                0x100084c0                IPCC_RX0_IRQHandler
                0x100084c0                OTG_IRQHandler
                0x100084c0                SPI1_IRQHandler
                0x100084c0                DCMI_IRQHandler
                0x100084c0                TIM8_UP_IRQHandler
                0x100084c0                DMA2_Stream3_IRQHandler
                0x100084c0                USBH_EHCI_IRQHandler
                0x100084c0                nCTIIRQ2_IRQHandler
                0x100084c0                HASH1_IRQHandler
                0x100084c0                GPU_IRQHandler
                0x100084c0                SAI2_IRQHandler
                0x100084c0                ADC1_IRQHandler
                0x100084c0                RESERVED148_IRQHandler
                0x100084c0                RTC_TIMESTAMP_IRQHandler
                0x100084c0                DFSDM1_FLT3_IRQHandler
                0x100084c0                USART6_IRQHandler
                0x100084c0                EXTI15_IRQHandler
                0x100084c0                TIM17_IRQHandler
                0x100084c0                USART3_IRQHandler
                0x100084c0                EXTI9_IRQHandler
                0x100084c0                LPTIM5_IRQHandler
                0x100084c0                UART5_IRQHandler
                0x100084c0                DMA2_Stream0_IRQHandler
                0x100084c0                TIM4_IRQHandler
                0x100084c0                CRYP2_IRQHandler
                0x100084c0                QUADSPI_IRQHandler
                0x100084c0                I2C1_EV_IRQHandler
                0x100084c0                DMA1_Stream6_IRQHandler
                0x100084c0                RESERVED99_IRQHandler
                0x100084c0                DMAMUX1_OVR_IRQHandler
                0x100084c0                DMA1_Stream1_IRQHandler
                0x100084c0                TIM16_IRQHandler
                0x100084c0                UART4_IRQHandler
                0x100084c0                TIM3_IRQHandler
                0x100084c0                TIM1_TRG_COM_IRQHandler
                0x100084c0                nCTIIRQ1_IRQHandler
                0x100084c0                Default_Handler
                0x100084c0                CEC_IRQHandler
                0x100084c0                DFSDM1_FLT4_IRQHandler
                0x100084c0                TIM14_IRQHandler
                0x100084c0                I2C5_ER_IRQHandler
                0x100084c0                TIM13_IRQHandler
                0x100084c0                DMA1_Stream7_IRQHandler
                0x100084c0                IPCC_TX0_IRQHandler
                0x100084c0                SPI5_IRQHandler
                0x100084c0                TIM12_IRQHandler
                0x100084c0                TIM7_IRQHandler
                0x100084c0                SDMMC1_IRQHandler
                0x100084c0                TIM5_IRQHandler
                0x100084c0                DMA2_Stream7_IRQHandler
                0x100084c0                TIM15_IRQHandler
                0x100084c0                PVD_AVD_IRQHandler
                0x100084c0                I2C3_EV_IRQHandler
                0x100084c0                SDMMC3_IRQHandler
                0x100084c0                ETH1_IRQHandler
                0x100084c0                LTDC_IRQHandler
                0x100084c0                SAI3_IRQHandler
                0x100084c0                SPDIF_RX_IRQHandler
                0x100084c0                ADC2_IRQHandler
                0x100084c0                SPI2_IRQHandler
                0x100084c0                DFSDM1_FLT5_IRQHandler
                0x100084c0                DMA1_Stream0_IRQHandler
                0x100084c0                EXTI14_IRQHandler
                0x100084c0                EXTI11_IRQHandler
                0x100084c0                CRYP1_IRQHandler
                0x100084c0                RNG2_IRQHandler
                0x100084c0                RNG1_IRQHandler
                0x100084c0                HASH2_IRQHandler
                0x100084c0                EXTI4_IRQHandler
                0x100084c0                ETH1_LPI_IRQHandler
                0x100084c0                FDCAN2_IT1_IRQHandler
                0x100084c0                DSI_IRQHandler
                0x100084c0                TIM1_UP_IRQHandler
                0x100084c0                SPI6_IRQHandler
                0x100084c0                MDIOS_IRQHandler
                0x100084c0                I2C4_EV_IRQHandler
                0x100084c0                FDCAN2_IT0_IRQHandler
                0x100084c0                I2C6_ER_IRQHandler
                0x100084c0                FDCAN1_IT0_IRQHandler
                0x100084c0                TIM2_IRQHandler
                0x100084c0                EXTI7_IRQHandler
                0x100084c0                TIM1_BRK_IRQHandler
                0x100084c0                DAC_IRQHandler
                0x100084c0                EXTI1_IRQHandler
                0x100084c0                SDMMC2_IRQHandler
                0x100084c0                DTS_IRQHandler
                0x100084c0                UART7_IRQHandler
                0x100084c0                USART2_IRQHandler
                0x100084c0                I2C6_EV_IRQHandler
                0x100084c0                DFSDM1_FLT0_IRQHandler
                0x100084c0                SAI4_IRQHandler
                0x100084c0                I2C2_ER_IRQHandler
                0x100084c0                DMA2_Stream1_IRQHandler
                0x100084c0                TIM8_BRK_IRQHandler
                0x100084c0                WWDG1_IRQHandler
                0x100084c0                DMA2_Stream4_IRQHandler
                0x100084c0                USART1_IRQHandler
                0x100084c0                RESERVED143_IRQHandler
                0x100084c0                EXTI10_IRQHandler
                0x100084c0                SPI3_IRQHandler
                0x100084c0                WAKEUP_PIN_IRQHandler
                0x100084c0                DMA1_Stream4_IRQHandler
                0x100084c0                I2C1_ER_IRQHandler
                0x100084c0                FMC_IRQHandler
                0x100084c0                FDCAN_CAL_IRQHandler
                0x100084c0                EXTI6_IRQHandler
                0x100084c0                LPTIM1_IRQHandler
                0x100084c0                RTC_WKUP_ALARM_IRQHandler
                0x100084c0                I2C4_ER_IRQHandler
                0x100084c0                DMA2_Stream6_IRQHandler
                0x100084c0                SAI1_IRQHandler
                0x100084c0                DMA1_Stream3_IRQHandler
                0x100084c0                RESERVED4_IRQHandler
 *fill*         0x100084c2        0x2 
 .text.__assert_func
                0x100084c4       0x3c /opt/st/stm32cubeide_2.2.0/plugins/com.st.stm32cube.ide.mcu.externaltools.gnu-tools-for-stm32.14.3.rel1.linux64_1.0.100.202602081740/tools/bin/../lib/gcc/arm-none-eabi/14.3.1/../../../../arm-none-eabi/lib/thumb/v7e-m+fp/hard/libc_nano.a(libc_a-assert.o)
                0x100084c4                __assert_func
 .text.malloc   0x10008500       0x10 /opt/st/stm32cubeide_2.2.0/plugins/com.st.stm32cube.ide.mcu.externaltools.gnu-tools-for-stm32.14.3.rel1.linux64_1.0.100.202602081740/tools/bin/../lib/gcc/arm-none-eabi/14.3.1/../../../../arm-none-eabi/lib/thumb/v7e-m+fp/hard/libc_nano.a(libc_a-malloc.o)
                0x10008500                malloc
 .text.free     0x10008510       0x10 /opt/st/stm32cubeide_2.2.0/plugins/com.st.stm32cube.ide.mcu.externaltools.gnu-tools-for-stm32.14.3.rel1.linux64_1.0.100.202602081740/tools/bin/../lib/gcc/arm-none-eabi/14.3.1/../../../../arm-none-eabi/lib/thumb/v7e-m+fp/hard/libc_nano.a(libc_a-malloc.o)
                0x10008510                free
 .text.sbrk_aligned
                0x10008520       0x44 /opt/st/stm32cubeide_2.2.0/plugins/com.st.stm32cube.ide.mcu.externaltools.gnu-tools-for-stm32.14.3.rel1.linux64_1.0.100.202602081740/tools/bin/../lib/gcc/arm-none-eabi/14.3.1/../../../../arm-none-eabi/lib/thumb/v7e-m+fp/hard/libc_nano.a(libc_a-mallocr.o)
 .text._malloc_r
                0x10008564      0x100 /opt/st/stm32cubeide_2.2.0/plugins/com.st.stm32cube.ide.mcu.externaltools.gnu-tools-for-stm32.14.3.rel1.linux64_1.0.100.202602081740/tools/bin/../lib/gcc/arm-none-eabi/14.3.1/../../../../arm-none-eabi/lib/thumb/v7e-m+fp/hard/libc_nano.a(libc_a-mallocr.o)
                0x10008564                _malloc_r
 .text.__malloc_lock
                0x10008664        0xc /opt/st/stm32cubeide_2.2.0/plugins/com.st.stm32cube.ide.mcu.externaltools.gnu-tools-for-stm32.14.3.rel1.linux64_1.0.100.202602081740/tools/bin/../lib/gcc/arm-none-eabi/14.3.1/../../../../arm-none-eabi/lib/thumb/v7e-m+fp/hard/libc_nano.a(libc_a-mlock.o)
                0x10008664                __malloc_lock
 .text.__malloc_unlock
                0x10008670        0xc /opt/st/stm32cubeide_2.2.0/plugins/com.st.stm32cube.ide.mcu.externaltools.gnu-tools-for-stm32.14.3.rel1.linux64_1.0.100.202602081740/tools/bin/../lib/gcc/arm-none-eabi/14.3.1/../../../../arm-none-eabi/lib/thumb/v7e-m+fp/hard/libc_nano.a(libc_a-mlock.o)
                0x10008670                __malloc_unlock
 .text.std      0x1000867c       0x6c /opt/st/stm32cubeide_2.2.0/plugins/com.st.stm32cube.ide.mcu.externaltools.gnu-tools-for-stm32.14.3.rel1.linux64_1.0.100.202602081740/tools/bin/../lib/gcc/arm-none-eabi/14.3.1/../../../../arm-none-eabi/lib/thumb/v7e-m+fp/hard/libc_nano.a(libc_a-findfp.o)
 .text.stdio_exit_handler
                0x100086e8       0x18 /opt/st/stm32cubeide_2.2.0/plugins/com.st.stm32cube.ide.mcu.externaltools.gnu-tools-for-stm32.14.3.rel1.linux64_1.0.100.202602081740/tools/bin/../lib/gcc/arm-none-eabi/14.3.1/../../../../arm-none-eabi/lib/thumb/v7e-m+fp/hard/libc_nano.a(libc_a-findfp.o)
 .text.cleanup_stdio
                0x10008700       0x40 /opt/st/stm32cubeide_2.2.0/plugins/com.st.stm32cube.ide.mcu.externaltools.gnu-tools-for-stm32.14.3.rel1.linux64_1.0.100.202602081740/tools/bin/../lib/gcc/arm-none-eabi/14.3.1/../../../../arm-none-eabi/lib/thumb/v7e-m+fp/hard/libc_nano.a(libc_a-findfp.o)
 .text.global_stdio_init.part.0
                0x10008740       0x40 /opt/st/stm32cubeide_2.2.0/plugins/com.st.stm32cube.ide.mcu.externaltools.gnu-tools-for-stm32.14.3.rel1.linux64_1.0.100.202602081740/tools/bin/../lib/gcc/arm-none-eabi/14.3.1/../../../../arm-none-eabi/lib/thumb/v7e-m+fp/hard/libc_nano.a(libc_a-findfp.o)
 .text.__sfp_lock_acquire
                0x10008780        0xc /opt/st/stm32cubeide_2.2.0/plugins/com.st.stm32cube.ide.mcu.externaltools.gnu-tools-for-stm32.14.3.rel1.linux64_1.0.100.202602081740/tools/bin/../lib/gcc/arm-none-eabi/14.3.1/../../../../arm-none-eabi/lib/thumb/v7e-m+fp/hard/libc_nano.a(libc_a-findfp.o)
                0x10008780                __sfp_lock_acquire
 .text.__sfp_lock_release
                0x1000878c        0xc /opt/st/stm32cubeide_2.2.0/plugins/com.st.stm32cube.ide.mcu.externaltools.gnu-tools-for-stm32.14.3.rel1.linux64_1.0.100.202602081740/tools/bin/../lib/gcc/arm-none-eabi/14.3.1/../../../../arm-none-eabi/lib/thumb/v7e-m+fp/hard/libc_nano.a(libc_a-findfp.o)
                0x1000878c                __sfp_lock_release
 .text.__sinit  0x10008798       0x30 /opt/st/stm32cubeide_2.2.0/plugins/com.st.stm32cube.ide.mcu.externaltools.gnu-tools-for-stm32.14.3.rel1.linux64_1.0.100.202602081740/tools/bin/../lib/gcc/arm-none-eabi/14.3.1/../../../../arm-none-eabi/lib/thumb/v7e-m+fp/hard/libc_nano.a(libc_a-findfp.o)
                0x10008798                __sinit
 .text.fprintf  0x100087c8       0x24 /opt/st/stm32cubeide_2.2.0/plugins/com.st.stm32cube.ide.mcu.externaltools.gnu-tools-for-stm32.14.3.rel1.linux64_1.0.100.202602081740/tools/bin/../lib/gcc/arm-none-eabi/14.3.1/../../../../arm-none-eabi/lib/thumb/v7e-m+fp/hard/libc_nano.a(libc_a-fprintf.o)
                0x100087c8                fprintf
                0x100087c8                fiprintf
 .text._fwalk_sglue
                0x100087ec       0x3c /opt/st/stm32cubeide_2.2.0/plugins/com.st.stm32cube.ide.mcu.externaltools.gnu-tools-for-stm32.14.3.rel1.linux64_1.0.100.202602081740/tools/bin/../lib/gcc/arm-none-eabi/14.3.1/../../../../arm-none-eabi/lib/thumb/v7e-m+fp/hard/libc_nano.a(libc_a-fwalk.o)
                0x100087ec                _fwalk_sglue
 .text.__sread  0x10008828       0x22 /opt/st/stm32cubeide_2.2.0/plugins/com.st.stm32cube.ide.mcu.externaltools.gnu-tools-for-stm32.14.3.rel1.linux64_1.0.100.202602081740/tools/bin/../lib/gcc/arm-none-eabi/14.3.1/../../../../arm-none-eabi/lib/thumb/v7e-m+fp/hard/libc_nano.a(libc_a-stdio.o)
                0x10008828                __sread
 .text.__swrite
                0x1000884a       0x38 /opt/st/stm32cubeide_2.2.0/plugins/com.st.stm32cube.ide.mcu.externaltools.gnu-tools-for-stm32.14.3.rel1.linux64_1.0.100.202602081740/tools/bin/../lib/gcc/arm-none-eabi/14.3.1/../../../../arm-none-eabi/lib/thumb/v7e-m+fp/hard/libc_nano.a(libc_a-stdio.o)
                0x1000884a                __swrite
 .text.__sseek  0x10008882       0x26 /opt/st/stm32cubeide_2.2.0/plugins/com.st.stm32cube.ide.mcu.externaltools.gnu-tools-for-stm32.14.3.rel1.linux64_1.0.100.202602081740/tools/bin/../lib/gcc/arm-none-eabi/14.3.1/../../../../arm-none-eabi/lib/thumb/v7e-m+fp/hard/libc_nano.a(libc_a-stdio.o)
                0x10008882                __sseek
 .text.__sclose
                0x100088a8        0x8 /opt/st/stm32cubeide_2.2.0/plugins/com.st.stm32cube.ide.mcu.externaltools.gnu-tools-for-stm32.14.3.rel1.linux64_1.0.100.202602081740/tools/bin/../lib/gcc/arm-none-eabi/14.3.1/../../../../arm-none-eabi/lib/thumb/v7e-m+fp/hard/libc_nano.a(libc_a-stdio.o)
                0x100088a8                __sclose
 .text.memset   0x100088b0       0x10 /opt/st/stm32cubeide_2.2.0/plugins/com.st.stm32cube.ide.mcu.externaltools.gnu-tools-for-stm32.14.3.rel1.linux64_1.0.100.202602081740/tools/bin/../lib/gcc/arm-none-eabi/14.3.1/../../../../arm-none-eabi/lib/thumb/v7e-m+fp/hard/libc_nano.a(libc_a-memset.o)
                0x100088b0                memset
 .text.strncmp  0x100088c0       0x24 /opt/st/stm32cubeide_2.2.0/plugins/com.st.stm32cube.ide.mcu.externaltools.gnu-tools-for-stm32.14.3.rel1.linux64_1.0.100.202602081740/tools/bin/../lib/gcc/arm-none-eabi/14.3.1/../../../../arm-none-eabi/lib/thumb/v7e-m+fp/hard/libc_nano.a(libc_a-strncmp.o)
                0x100088c0                strncmp
 .text.strncpy  0x100088e4       0x26 /opt/st/stm32cubeide_2.2.0/plugins/com.st.stm32cube.ide.mcu.externaltools.gnu-tools-for-stm32.14.3.rel1.linux64_1.0.100.202602081740/tools/bin/../lib/gcc/arm-none-eabi/14.3.1/../../../../arm-none-eabi/lib/thumb/v7e-m+fp/hard/libc_nano.a(libc_a-strncpy.o)
                0x100088e4                strncpy
 *fill*         0x1000890a        0x2 
 .text._close_r
                0x1000890c       0x20 /opt/st/stm32cubeide_2.2.0/plugins/com.st.stm32cube.ide.mcu.externaltools.gnu-tools-for-stm32.14.3.rel1.linux64_1.0.100.202602081740/tools/bin/../lib/gcc/arm-none-eabi/14.3.1/../../../../arm-none-eabi/lib/thumb/v7e-m+fp/hard/libc_nano.a(libc_a-closer.o)
                0x1000890c                _close_r
 .text._lseek_r
                0x1000892c       0x24 /opt/st/stm32cubeide_2.2.0/plugins/com.st.stm32cube.ide.mcu.externaltools.gnu-tools-for-stm32.14.3.rel1.linux64_1.0.100.202602081740/tools/bin/../lib/gcc/arm-none-eabi/14.3.1/../../../../arm-none-eabi/lib/thumb/v7e-m+fp/hard/libc_nano.a(libc_a-lseekr.o)
                0x1000892c                _lseek_r
 .text._read_r  0x10008950       0x24 /opt/st/stm32cubeide_2.2.0/plugins/com.st.stm32cube.ide.mcu.externaltools.gnu-tools-for-stm32.14.3.rel1.linux64_1.0.100.202602081740/tools/bin/../lib/gcc/arm-none-eabi/14.3.1/../../../../arm-none-eabi/lib/thumb/v7e-m+fp/hard/libc_nano.a(libc_a-readr.o)
                0x10008950                _read_r
 .text._sbrk_r  0x10008974       0x20 /opt/st/stm32cubeide_2.2.0/plugins/com.st.stm32cube.ide.mcu.externaltools.gnu-tools-for-stm32.14.3.rel1.linux64_1.0.100.202602081740/tools/bin/../lib/gcc/arm-none-eabi/14.3.1/../../../../arm-none-eabi/lib/thumb/v7e-m+fp/hard/libc_nano.a(libc_a-sbrkr.o)
                0x10008974                _sbrk_r
 .text._write_r
                0x10008994       0x24 /opt/st/stm32cubeide_2.2.0/plugins/com.st.stm32cube.ide.mcu.externaltools.gnu-tools-for-stm32.14.3.rel1.linux64_1.0.100.202602081740/tools/bin/../lib/gcc/arm-none-eabi/14.3.1/../../../../arm-none-eabi/lib/thumb/v7e-m+fp/hard/libc_nano.a(libc_a-writer.o)
                0x10008994                _write_r
 .text.__errno  0x100089b8        0xc /opt/st/stm32cubeide_2.2.0/plugins/com.st.stm32cube.ide.mcu.externaltools.gnu-tools-for-stm32.14.3.rel1.linux64_1.0.100.202602081740/tools/bin/../lib/gcc/arm-none-eabi/14.3.1/../../../../arm-none-eabi/lib/thumb/v7e-m+fp/hard/libc_nano.a(libc_a-errno.o)
                0x100089b8                __errno
 .text.__libc_init_array
                0x100089c4       0x48 /opt/st/stm32cubeide_2.2.0/plugins/com.st.stm32cube.ide.mcu.externaltools.gnu-tools-for-stm32.14.3.rel1.linux64_1.0.100.202602081740/tools/bin/../lib/gcc/arm-none-eabi/14.3.1/../../../../arm-none-eabi/lib/thumb/v7e-m+fp/hard/libc_nano.a(libc_a-init.o)
                0x100089c4                __libc_init_array
 .text.__retarget_lock_init_recursive
                0x10008a0c        0x2 /opt/st/stm32cubeide_2.2.0/plugins/com.st.stm32cube.ide.mcu.externaltools.gnu-tools-for-stm32.14.3.rel1.linux64_1.0.100.202602081740/tools/bin/../lib/gcc/arm-none-eabi/14.3.1/../../../../arm-none-eabi/lib/thumb/v7e-m+fp/hard/libc_nano.a(libc_a-lock.o)
                0x10008a0c                __retarget_lock_init_recursive
 .text.__retarget_lock_acquire_recursive
                0x10008a0e        0x2 /opt/st/stm32cubeide_2.2.0/plugins/com.st.stm32cube.ide.mcu.externaltools.gnu-tools-for-stm32.14.3.rel1.linux64_1.0.100.202602081740/tools/bin/../lib/gcc/arm-none-eabi/14.3.1/../../../../arm-none-eabi/lib/thumb/v7e-m+fp/hard/libc_nano.a(libc_a-lock.o)
                0x10008a0e                __retarget_lock_acquire_recursive
 .text.__retarget_lock_release_recursive
                0x10008a10        0x2 /opt/st/stm32cubeide_2.2.0/plugins/com.st.stm32cube.ide.mcu.externaltools.gnu-tools-for-stm32.14.3.rel1.linux64_1.0.100.202602081740/tools/bin/../lib/gcc/arm-none-eabi/14.3.1/../../../../arm-none-eabi/lib/thumb/v7e-m+fp/hard/libc_nano.a(libc_a-lock.o)
                0x10008a10                __retarget_lock_release_recursive
 .text.memcpy   0x10008a12       0x1c /opt/st/stm32cubeide_2.2.0/plugins/com.st.stm32cube.ide.mcu.externaltools.gnu-tools-for-stm32.14.3.rel1.linux64_1.0.100.202602081740/tools/bin/../lib/gcc/arm-none-eabi/14.3.1/../../../../arm-none-eabi/lib/thumb/v7e-m+fp/hard/libc_nano.a(libc_a-memcpy-stub.o)
                0x10008a12                memcpy
 .text.abort    0x10008a2e        0xe /opt/st/stm32cubeide_2.2.0/plugins/com.st.stm32cube.ide.mcu.externaltools.gnu-tools-for-stm32.14.3.rel1.linux64_1.0.100.202602081740/tools/bin/../lib/gcc/arm-none-eabi/14.3.1/../../../../arm-none-eabi/lib/thumb/v7e-m+fp/hard/libc_nano.a(libc_a-abort.o)
                0x10008a2e                abort
 .text._free_r  0x10008a3c       0x94 /opt/st/stm32cubeide_2.2.0/plugins/com.st.stm32cube.ide.mcu.externaltools.gnu-tools-for-stm32.14.3.rel1.linux64_1.0.100.202602081740/tools/bin/../lib/gcc/arm-none-eabi/14.3.1/../../../../arm-none-eabi/lib/thumb/v7e-m+fp/hard/libc_nano.a(libc_a-freer.o)
                0x10008a3c                _free_r
 .text.__sfputc_r
                0x10008ad0       0x2e /opt/st/stm32cubeide_2.2.0/plugins/com.st.stm32cube.ide.mcu.externaltools.gnu-tools-for-stm32.14.3.rel1.linux64_1.0.100.202602081740/tools/bin/../lib/gcc/arm-none-eabi/14.3.1/../../../../arm-none-eabi/lib/thumb/v7e-m+fp/hard/libc_nano.a(libc_a-nano-vfprintf.o)
 .text.__sfputs_r
                0x10008afe       0x24 /opt/st/stm32cubeide_2.2.0/plugins/com.st.stm32cube.ide.mcu.externaltools.gnu-tools-for-stm32.14.3.rel1.linux64_1.0.100.202602081740/tools/bin/../lib/gcc/arm-none-eabi/14.3.1/../../../../arm-none-eabi/lib/thumb/v7e-m+fp/hard/libc_nano.a(libc_a-nano-vfprintf.o)
                0x10008afe                __sfputs_r
 *fill*         0x10008b22        0x2 
 .text._vfprintf_r
                0x10008b24      0x228 /opt/st/stm32cubeide_2.2.0/plugins/com.st.stm32cube.ide.mcu.externaltools.gnu-tools-for-stm32.14.3.rel1.linux64_1.0.100.202602081740/tools/bin/../lib/gcc/arm-none-eabi/14.3.1/../../../../arm-none-eabi/lib/thumb/v7e-m+fp/hard/libc_nano.a(libc_a-nano-vfprintf.o)
                0x10008b24                _vfiprintf_r
                0x10008b24                _vfprintf_r
 .text._printf_common
                0x10008d4c       0xda /opt/st/stm32cubeide_2.2.0/plugins/com.st.stm32cube.ide.mcu.externaltools.gnu-tools-for-stm32.14.3.rel1.linux64_1.0.100.202602081740/tools/bin/../lib/gcc/arm-none-eabi/14.3.1/../../../../arm-none-eabi/lib/thumb/v7e-m+fp/hard/libc_nano.a(libc_a-nano-vfprintf_i.o)
                0x10008d4c                _printf_common
 *fill*         0x10008e26        0x2 
 .text._printf_i
                0x10008e28      0x24c /opt/st/stm32cubeide_2.2.0/plugins/com.st.stm32cube.ide.mcu.externaltools.gnu-tools-for-stm32.14.3.rel1.linux64_1.0.100.202602081740/tools/bin/../lib/gcc/arm-none-eabi/14.3.1/../../../../arm-none-eabi/lib/thumb/v7e-m+fp/hard/libc_nano.a(libc_a-nano-vfprintf_i.o)
                0x10008e28                _printf_i
 .text.__sflush_r
                0x10009074      0x104 /opt/st/stm32cubeide_2.2.0/plugins/com.st.stm32cube.ide.mcu.externaltools.gnu-tools-for-stm32.14.3.rel1.linux64_1.0.100.202602081740/tools/bin/../lib/gcc/arm-none-eabi/14.3.1/../../../../arm-none-eabi/lib/thumb/v7e-m+fp/hard/libc_nano.a(libc_a-fflush.o)
                0x10009074                __sflush_r
 .text._fflush_r
                0x10009178       0x50 /opt/st/stm32cubeide_2.2.0/plugins/com.st.stm32cube.ide.mcu.externaltools.gnu-tools-for-stm32.14.3.rel1.linux64_1.0.100.202602081740/tools/bin/../lib/gcc/arm-none-eabi/14.3.1/../../../../arm-none-eabi/lib/thumb/v7e-m+fp/hard/libc_nano.a(libc_a-fflush.o)
                0x10009178                _fflush_r
 .text.__swbuf_r
                0x100091c8       0x7c /opt/st/stm32cubeide_2.2.0/plugins/com.st.stm32cube.ide.mcu.externaltools.gnu-tools-for-stm32.14.3.rel1.linux64_1.0.100.202602081740/tools/bin/../lib/gcc/arm-none-eabi/14.3.1/../../../../arm-none-eabi/lib/thumb/v7e-m+fp/hard/libc_nano.a(libc_a-wbuf.o)
                0x100091c8                __swbuf_r
 .text.__swsetup_r
                0x10009244       0xa8 /opt/st/stm32cubeide_2.2.0/plugins/com.st.stm32cube.ide.mcu.externaltools.gnu-tools-for-stm32.14.3.rel1.linux64_1.0.100.202602081740/tools/bin/../lib/gcc/arm-none-eabi/14.3.1/../../../../arm-none-eabi/lib/thumb/v7e-m+fp/hard/libc_nano.a(libc_a-wsetup.o)
                0x10009244                __swsetup_r
 .text._raise_r
                0x100092ec       0x50 /opt/st/stm32cubeide_2.2.0/plugins/com.st.stm32cube.ide.mcu.externaltools.gnu-tools-for-stm32.14.3.rel1.linux64_1.0.100.202602081740/tools/bin/../lib/gcc/arm-none-eabi/14.3.1/../../../../arm-none-eabi/lib/thumb/v7e-m+fp/hard/libc_nano.a(libc_a-signal.o)
                0x100092ec                _raise_r
 .text.raise    0x1000933c       0x10 /opt/st/stm32cubeide_2.2.0/plugins/com.st.stm32cube.ide.mcu.externaltools.gnu-tools-for-stm32.14.3.rel1.linux64_1.0.100.202602081740/tools/bin/../lib/gcc/arm-none-eabi/14.3.1/../../../../arm-none-eabi/lib/thumb/v7e-m+fp/hard/libc_nano.a(libc_a-signal.o)
                0x1000933c                raise
 .text._kill_r  0x1000934c       0x24 /opt/st/stm32cubeide_2.2.0/plugins/com.st.stm32cube.ide.mcu.externaltools.gnu-tools-for-stm32.14.3.rel1.linux64_1.0.100.202602081740/tools/bin/../lib/gcc/arm-none-eabi/14.3.1/../../../../arm-none-eabi/lib/thumb/v7e-m+fp/hard/libc_nano.a(libc_a-signalr.o)
                0x1000934c                _kill_r
 .text._getpid_r
                0x10009370        0x4 /opt/st/stm32cubeide_2.2.0/plugins/com.st.stm32cube.ide.mcu.externaltools.gnu-tools-for-stm32.14.3.rel1.linux64_1.0.100.202602081740/tools/bin/../lib/gcc/arm-none-eabi/14.3.1/../../../../arm-none-eabi/lib/thumb/v7e-m+fp/hard/libc_nano.a(libc_a-signalr.o)
                0x10009370                _getpid_r
 .text.__swhatbuf_r
                0x10009374       0x48 /opt/st/stm32cubeide_2.2.0/plugins/com.st.stm32cube.ide.mcu.externaltools.gnu-tools-for-stm32.14.3.rel1.linux64_1.0.100.202602081740/tools/bin/../lib/gcc/arm-none-eabi/14.3.1/../../../../arm-none-eabi/lib/thumb/v7e-m+fp/hard/libc_nano.a(libc_a-makebuf.o)
                0x10009374                __swhatbuf_r
 .text.__smakebuf_r
                0x100093bc       0x72 /opt/st/stm32cubeide_2.2.0/plugins/com.st.stm32cube.ide.mcu.externaltools.gnu-tools-for-stm32.14.3.rel1.linux64_1.0.100.202602081740/tools/bin/../lib/gcc/arm-none-eabi/14.3.1/../../../../arm-none-eabi/lib/thumb/v7e-m+fp/hard/libc_nano.a(libc_a-makebuf.o)
                0x100093bc                __smakebuf_r
 *fill*         0x1000942e        0x2 
 .text._fstat_r
                0x10009430       0x24 /opt/st/stm32cubeide_2.2.0/plugins/com.st.stm32cube.ide.mcu.externaltools.gnu-tools-for-stm32.14.3.rel1.linux64_1.0.100.202602081740/tools/bin/../lib/gcc/arm-none-eabi/14.3.1/../../../../arm-none-eabi/lib/thumb/v7e-m+fp/hard/libc_nano.a(libc_a-fstatr.o)
                0x10009430                _fstat_r
 .text._isatty_r
                0x10009454       0x20 /opt/st/stm32cubeide_2.2.0/plugins/com.st.stm32cube.ide.mcu.externaltools.gnu-tools-for-stm32.14.3.rel1.linux64_1.0.100.202602081740/tools/bin/../lib/gcc/arm-none-eabi/14.3.1/../../../../arm-none-eabi/lib/thumb/v7e-m+fp/hard/libc_nano.a(libc_a-isattyr.o)
                0x10009454                _isatty_r
 *(.glue_7)
 .glue_7        0x10009474        0x0 linker stubs
 *(.glue_7t)
 .glue_7t       0x10009474        0x0 linker stubs
 *(.eh_frame)
 .eh_frame      0x10009474        0x0 /opt/st/stm32cubeide_2.2.0/plugins/com.st.stm32cube.ide.mcu.externaltools.gnu-tools-for-stm32.14.3.rel1.linux64_1.0.100.202602081740/tools/bin/../lib/gcc/arm-none-eabi/14.3.1/thumb/v7e-m+fp/hard/crtbegin.o
 *(.init)
 .init          0x10009474        0x4 /opt/st/stm32cubeide_2.2.0/plugins/com.st.stm32cube.ide.mcu.externaltools.gnu-tools-for-stm32.14.3.rel1.linux64_1.0.100.202602081740/tools/bin/../lib/gcc/arm-none-eabi/14.3.1/thumb/v7e-m+fp/hard/crti.o
                0x10009474                _init
 .init          0x10009478        0x8 /opt/st/stm32cubeide_2.2.0/plugins/com.st.stm32cube.ide.mcu.externaltools.gnu-tools-for-stm32.14.3.rel1.linux64_1.0.100.202602081740/tools/bin/../lib/gcc/arm-none-eabi/14.3.1/thumb/v7e-m+fp/hard/crtn.o
 *(.fini)
 .fini          0x10009480        0x4 /opt/st/stm32cubeide_2.2.0/plugins/com.st.stm32cube.ide.mcu.externaltools.gnu-tools-for-stm32.14.3.rel1.linux64_1.0.100.202602081740/tools/bin/../lib/gcc/arm-none-eabi/14.3.1/thumb/v7e-m+fp/hard/crti.o
                0x10009480                _fini
 .fini          0x10009484        0x8 /opt/st/stm32cubeide_2.2.0/plugins/com.st.stm32cube.ide.mcu.externaltools.gnu-tools-for-stm32.14.3.rel1.linux64_1.0.100.202602081740/tools/bin/../lib/gcc/arm-none-eabi/14.3.1/thumb/v7e-m+fp/hard/crtn.o
                0x1000948c                        . = ALIGN (0x4)
                0x1000948c                        _etext = .

.vfp11_veneer   0x1000948c        0x0
 .vfp11_veneer  0x1000948c        0x0 linker stubs

.v4_bx          0x1000948c        0x0
 .v4_bx         0x1000948c        0x0 linker stubs

.iplt           0x1000948c        0x0
 .iplt          0x1000948c        0x0 /opt/st/stm32cubeide_2.2.0/plugins/com.st.stm32cube.ide.mcu.externaltools.gnu-tools-for-stm32.14.3.rel1.linux64_1.0.100.202602081740/tools/bin/../lib/gcc/arm-none-eabi/14.3.1/thumb/v7e-m+fp/hard/crtbegin.o

.startup_copro_fw.Reset_Handler
                0x1000948c       0x50
 .startup_copro_fw.Reset_Handler
                0x1000948c       0x50 ./Startup/startup_stm32mp157cacx.o
                0x1000948c                Reset_Handler

.rodata         0x100094dc      0x41c
                0x100094dc                        . = ALIGN (0x4)
 *(.rodata)
 .rodata        0x100094dc       0xd4 ./Middlewares/Third_Party/OpenAMP/device.o
 .rodata        0x100095b0      0x106 ./Middlewares/Third_Party/OpenAMP/remoteproc_virtio.o
 *fill*         0x100096b6        0x2 
 .rodata        0x100096b8        0x1 ./Middlewares/Third_Party/OpenAMP/rpmsg.o
 *fill*         0x100096b9        0x3 
 .rodata        0x100096bc       0xef ./Middlewares/Third_Party/OpenAMP/rpmsg_virtio.o
 *fill*         0x100097ab        0x1 
 .rodata        0x100097ac        0xa ./Middlewares/Third_Party/OpenAMP/virt_uart.o
 *fill*         0x100097b6        0x2 
 .rodata        0x100097b8       0x1c ./Src/openamp.o
 *(.rodata*)
 .rodata.remoteproc_virtio_dispatch_funcs
                0x100097d4       0x24 ./Middlewares/Third_Party/OpenAMP/remoteproc_virtio.o
 .rodata.__func__.1
                0x100097f8       0x1e ./Middlewares/Third_Party/OpenAMP/remoteproc_virtio.o
 *fill*         0x10009816        0x2 
 .rodata.__func__.0
                0x10009818        0xe ./Middlewares/Third_Party/OpenAMP/remoteproc_virtio.o
 *fill*         0x10009826        0x2 
 .rodata.__func__.2
                0x10009828       0x24 ./Middlewares/Third_Party/OpenAMP/rpmsg_virtio.o
 .rodata.__func__.1
                0x1000984c       0x21 ./Middlewares/Third_Party/OpenAMP/rpmsg_virtio.o
 *fill*         0x1000986d        0x3 
 .rodata.__func__.0
                0x10009870       0x19 ./Middlewares/Third_Party/OpenAMP/rpmsg_virtio.o
 .rodata.__assert_func.str1.1
                0x10009889       0x6f /opt/st/stm32cubeide_2.2.0/plugins/com.st.stm32cube.ide.mcu.externaltools.gnu-tools-for-stm32.14.3.rel1.linux64_1.0.100.202602081740/tools/bin/../lib/gcc/arm-none-eabi/14.3.1/../../../../arm-none-eabi/lib/thumb/v7e-m+fp/hard/libc_nano.a(libc_a-assert.o)
                                 0x3d (size before relaxing)
 .rodata._vfprintf_r.str1.1
                0x100098f8       0x11 /opt/st/stm32cubeide_2.2.0/plugins/com.st.stm32cube.ide.mcu.externaltools.gnu-tools-for-stm32.14.3.rel1.linux64_1.0.100.202602081740/tools/bin/../lib/gcc/arm-none-eabi/14.3.1/../../../../arm-none-eabi/lib/thumb/v7e-m+fp/hard/libc_nano.a(libc_a-nano-vfprintf.o)
 .rodata._printf_i.str1.1
                0x100098f8       0x22 /opt/st/stm32cubeide_2.2.0/plugins/com.st.stm32cube.ide.mcu.externaltools.gnu-tools-for-stm32.14.3.rel1.linux64_1.0.100.202602081740/tools/bin/../lib/gcc/arm-none-eabi/14.3.1/../../../../arm-none-eabi/lib/thumb/v7e-m+fp/hard/libc_nano.a(libc_a-nano-vfprintf_i.o)
                0x1000991c                        . = ALIGN (0x4)

.ARM.extab      0x100098f8        0x0
                0x100098f8                        . = ALIGN (0x4)
 *(.ARM.extab* .gnu.linkonce.armextab.*)
                0x100098f8                        . = ALIGN (0x4)

.ARM            0x100098f8        0x8
                0x100098f8                        . = ALIGN (0x4)
                0x100098f8                        __exidx_start = .
 *(.ARM.exidx*)
 .ARM.exidx     0x100098f8        0x8 /opt/st/stm32cubeide_2.2.0/plugins/com.st.stm32cube.ide.mcu.externaltools.gnu-tools-for-stm32.14.3.rel1.linux64_1.0.100.202602081740/tools/bin/../lib/gcc/arm-none-eabi/14.3.1/../../../../arm-none-eabi/lib/thumb/v7e-m+fp/hard/libc_nano.a(libc_a-strcmp.o)
 .ARM.exidx     0x10009900        0x0 /opt/st/stm32cubeide_2.2.0/plugins/com.st.stm32cube.ide.mcu.externaltools.gnu-tools-for-stm32.14.3.rel1.linux64_1.0.100.202602081740/tools/bin/../lib/gcc/arm-none-eabi/14.3.1/../../../../arm-none-eabi/lib/thumb/v7e-m+fp/hard/libc_nano.a(libc_a-memchr.o)
                                  0x8 (size before relaxing)
                0x10009900                        __exidx_end = .
                0x10009900                        . = ALIGN (0x4)

.preinit_array  0x10009900        0x0
                0x10009900                        . = ALIGN (0x4)
                0x10009900                        PROVIDE (__preinit_array_start = .)
 *(.preinit_array*)
                0x10009900                        PROVIDE (__preinit_array_end = .)
                0x10009900                        . = ALIGN (0x4)

.init_array     0x10009900        0x4
                0x10009900                        . = ALIGN (0x4)
                0x10009900                        PROVIDE (__init_array_start = .)
 *(SORT_BY_NAME(.init_array.*))
 *(.init_array*)
 .init_array    0x10009900        0x4 /opt/st/stm32cubeide_2.2.0/plugins/com.st.stm32cube.ide.mcu.externaltools.gnu-tools-for-stm32.14.3.rel1.linux64_1.0.100.202602081740/tools/bin/../lib/gcc/arm-none-eabi/14.3.1/thumb/v7e-m+fp/hard/crtbegin.o
                0x10009904                        PROVIDE (__init_array_end = .)
                0x10009904                        . = ALIGN (0x4)

.fini_array     0x10009904        0x4
                0x10009904                        . = ALIGN (0x4)
                [!provide]                        PROVIDE (__fini_array_start = .)
 *(SORT_BY_NAME(.fini_array.*))
 *(.fini_array*)
 .fini_array    0x10009904        0x4 /opt/st/stm32cubeide_2.2.0/plugins/com.st.stm32cube.ide.mcu.externaltools.gnu-tools-for-stm32.14.3.rel1.linux64_1.0.100.202602081740/tools/bin/../lib/gcc/arm-none-eabi/14.3.1/thumb/v7e-m+fp/hard/crtbegin.o
                [!provide]                        PROVIDE (__fini_array_end = .)
                0x10009908                        . = ALIGN (0x4)
                0x10009908                        __DATA_ROM = .
                0x10009908                        _sidata = LOADADDR (.data)

.data           0x10020000      0x120 load address 0x10009908
                0x10020000                        . = ALIGN (0x4)
                0x10020000                        _sdata = .
 *(.data)
 *(.data*)
 .data.SystemCoreClock
                0x10020000        0x4 ./Common/System/system_stm32mp1xx.o
                0x10020000                SystemCoreClock
 .data.uwTickPrio
                0x10020004        0x4 ./Drivers/STM32MP1xx_HAL_Driver/stm32mp1xx_hal.o
                0x10020004                uwTickPrio
 .data.uwTickFreq
                0x10020008        0x1 ./Drivers/STM32MP1xx_HAL_Driver/stm32mp1xx_hal.o
                0x10020008                uwTickFreq
 *fill*         0x10020009        0x3 
 .data.metal_generic_bus
                0x1002000c       0x2c ./Middlewares/Third_Party/OpenAMP/device.o
                0x1002000c                metal_generic_bus
 .data.shm_device
                0x10020038       0x8c ./Src/openamp.o
                0x10020038                shm_device
 .data.__sglue  0x100200c4        0xc /opt/st/stm32cubeide_2.2.0/plugins/com.st.stm32cube.ide.mcu.externaltools.gnu-tools-for-stm32.14.3.rel1.linux64_1.0.100.202602081740/tools/bin/../lib/gcc/arm-none-eabi/14.3.1/../../../../arm-none-eabi/lib/thumb/v7e-m+fp/hard/libc_nano.a(libc_a-findfp.o)
                0x100200c4                __sglue
 .data._impure_ptr
                0x100200d0        0x4 /opt/st/stm32cubeide_2.2.0/plugins/com.st.stm32cube.ide.mcu.externaltools.gnu-tools-for-stm32.14.3.rel1.linux64_1.0.100.202602081740/tools/bin/../lib/gcc/arm-none-eabi/14.3.1/../../../../arm-none-eabi/lib/thumb/v7e-m+fp/hard/libc_nano.a(libc_a-impure.o)
                0x100200d0                _impure_ptr
 .data._impure_data
                0x100200d4       0x4c /opt/st/stm32cubeide_2.2.0/plugins/com.st.stm32cube.ide.mcu.externaltools.gnu-tools-for-stm32.14.3.rel1.linux64_1.0.100.202602081740/tools/bin/../lib/gcc/arm-none-eabi/14.3.1/../../../../arm-none-eabi/lib/thumb/v7e-m+fp/hard/libc_nano.a(libc_a-impure.o)
                0x100200d4                _impure_data
                0x10020120                        . = ALIGN (0x4)
                0x10020120                        _edata = .
                0x10009a28                        __DATA_END = (__DATA_ROM + (_edata - _sdata))
                0x10020000                        text_end = (ORIGIN (SRAM1_text) + LENGTH (SRAM1_text))
                0x00000001                        ASSERT ((__DATA_END <= text_end), region SRAM1_text overflowed with text and data)

.igot.plt       0x10020120        0x0 load address 0x10009a28
 .igot.plt      0x10020120        0x0 /opt/st/stm32cubeide_2.2.0/plugins/com.st.stm32cube.ide.mcu.externaltools.gnu-tools-for-stm32.14.3.rel1.linux64_1.0.100.202602081740/tools/bin/../lib/gcc/arm-none-eabi/14.3.1/thumb/v7e-m+fp/hard/crtbegin.o

.resource_table
                0x10020120       0x8c load address 0x10009a28
                0x10020120                        . = ALIGN (0x4)
 *(.resource_table*)
 .resource_table
                0x10020120       0x8c ./Src/rsc_table.o
                0x10020120                resource_table
                0x100201ac                        . = ALIGN (0x4)

.rel.dyn        0x100201ac        0x0 load address 0x10009ab4
 .rel.iplt      0x100201ac        0x0 /opt/st/stm32cubeide_2.2.0/plugins/com.st.stm32cube.ide.mcu.externaltools.gnu-tools-for-stm32.14.3.rel1.linux64_1.0.100.202602081740/tools/bin/../lib/gcc/arm-none-eabi/14.3.1/thumb/v7e-m+fp/hard/crtbegin.o
                0x100201ac                        . = ALIGN (0x4)

.bss            0x100201ac      0x338 load address 0x10009ab4
                0x100201ac                        _sbss = .
                0x100201ac                        __bss_start__ = _sbss
 *(.bss)
 .bss           0x100201ac       0x1c /opt/st/stm32cubeide_2.2.0/plugins/com.st.stm32cube.ide.mcu.externaltools.gnu-tools-for-stm32.14.3.rel1.linux64_1.0.100.202602081740/tools/bin/../lib/gcc/arm-none-eabi/14.3.1/thumb/v7e-m+fp/hard/crtbegin.o
 *(.bss*)
 .bss.uwTick    0x100201c8        0x4 ./Drivers/STM32MP1xx_HAL_Driver/stm32mp1xx_hal.o
                0x100201c8                uwTick
 .bss._metal    0x100201cc       0x20 ./Middlewares/Third_Party/OpenAMP/generic_init.o
                0x100201cc                _metal
 .bss.huart0    0x100201ec       0x50 ./Src/main.o
                0x100201ec                huart0
 .bss.hipcc     0x1002023c       0x3c ./Src/main.o
                0x1002023c                hipcc
 .bss.hi2c5     0x10020278       0x5c ./Src/main.o
                0x10020278                hi2c5
 .bss.sensor_packet
                0x100202d4        0xe ./Src/main.o
                0x100202d4                sensor_packet
 .bss.is_user2_button_pressed
                0x100202e2        0x1 ./Src/main.o
                0x100202e2                is_user2_button_pressed
 *fill*         0x100202e3        0x1 
 .bss.msg_received_ch1
                0x100202e4        0x4 ./Src/mbox_ipcc.o
                0x100202e4                msg_received_ch1
 .bss.msg_received_ch2
                0x100202e8        0x4 ./Src/mbox_ipcc.o
                0x100202e8                msg_received_ch2
 .bss.shm_io    0x100202ec        0x4 ./Src/openamp.o
 .bss.rsc_io    0x100202f0        0x4 ./Src/openamp.o
 .bss.rsc_table
                0x100202f4        0x4 ./Src/openamp.o
 .bss.shpool    0x100202f8        0xc ./Src/openamp.o
 .bss.rvdev     0x10020304       0x8c ./Src/openamp.o
 .bss.shm_physmap
                0x10020390        0x4 ./Src/openamp.o
 .bss.__sbrk_heap_end
                0x10020394        0x4 ./Src/sysmem.o
 .bss.__malloc_sbrk_start
                0x10020398        0x4 /opt/st/stm32cubeide_2.2.0/plugins/com.st.stm32cube.ide.mcu.externaltools.gnu-tools-for-stm32.14.3.rel1.linux64_1.0.100.202602081740/tools/bin/../lib/gcc/arm-none-eabi/14.3.1/../../../../arm-none-eabi/lib/thumb/v7e-m+fp/hard/libc_nano.a(libc_a-mallocr.o)
                0x10020398                __malloc_sbrk_start
 .bss.__malloc_free_list
                0x1002039c        0x4 /opt/st/stm32cubeide_2.2.0/plugins/com.st.stm32cube.ide.mcu.externaltools.gnu-tools-for-stm32.14.3.rel1.linux64_1.0.100.202602081740/tools/bin/../lib/gcc/arm-none-eabi/14.3.1/../../../../arm-none-eabi/lib/thumb/v7e-m+fp/hard/libc_nano.a(libc_a-mallocr.o)
                0x1002039c                __malloc_free_list
 .bss.__sf      0x100203a0      0x138 /opt/st/stm32cubeide_2.2.0/plugins/com.st.stm32cube.ide.mcu.externaltools.gnu-tools-for-stm32.14.3.rel1.linux64_1.0.100.202602081740/tools/bin/../lib/gcc/arm-none-eabi/14.3.1/../../../../arm-none-eabi/lib/thumb/v7e-m+fp/hard/libc_nano.a(libc_a-findfp.o)
                0x100203a0                __sf
 .bss.__stdio_exit_handler
                0x100204d8        0x4 /opt/st/stm32cubeide_2.2.0/plugins/com.st.stm32cube.ide.mcu.externaltools.gnu-tools-for-stm32.14.3.rel1.linux64_1.0.100.202602081740/tools/bin/../lib/gcc/arm-none-eabi/14.3.1/../../../../arm-none-eabi/lib/thumb/v7e-m+fp/hard/libc_nano.a(libc_a-findfp.o)
                0x100204d8                __stdio_exit_handler
 .bss.errno     0x100204dc        0x4 /opt/st/stm32cubeide_2.2.0/plugins/com.st.stm32cube.ide.mcu.externaltools.gnu-tools-for-stm32.14.3.rel1.linux64_1.0.100.202602081740/tools/bin/../lib/gcc/arm-none-eabi/14.3.1/../../../../arm-none-eabi/lib/thumb/v7e-m+fp/hard/libc_nano.a(libc_a-reent.o)
                0x100204dc                errno
 .bss.__lock___malloc_recursive_mutex
                0x100204e0        0x1 /opt/st/stm32cubeide_2.2.0/plugins/com.st.stm32cube.ide.mcu.externaltools.gnu-tools-for-stm32.14.3.rel1.linux64_1.0.100.202602081740/tools/bin/../lib/gcc/arm-none-eabi/14.3.1/../../../../arm-none-eabi/lib/thumb/v7e-m+fp/hard/libc_nano.a(libc_a-lock.o)
                0x100204e0                __lock___malloc_recursive_mutex
 .bss.__lock___sfp_recursive_mutex
                0x100204e1        0x1 /opt/st/stm32cubeide_2.2.0/plugins/com.st.stm32cube.ide.mcu.externaltools.gnu-tools-for-stm32.14.3.rel1.linux64_1.0.100.202602081740/tools/bin/../lib/gcc/arm-none-eabi/14.3.1/../../../../arm-none-eabi/lib/thumb/v7e-m+fp/hard/libc_nano.a(libc_a-lock.o)
                0x100204e1                __lock___sfp_recursive_mutex
 *(COMMON)
                0x100204e4                        . = ALIGN (0x4)
 *fill*         0x100204e2        0x2 
                0x100204e4                        _ebss = .
                0x100204e4                        __bss_end__ = _ebss

._user_heap_stack
                0x100204e4      0x604 load address 0x10009dec
                0x100204e8                        . = ALIGN (0x8)
 *fill*         0x100204e4        0x4 
                [!provide]                        PROVIDE (end = .)
                0x100204e8                        PROVIDE (_end = .)
                0x100206e8                        . = (. + _Min_Heap_Size)
 *fill*         0x100204e8      0x200 
                0x10020ae8                        . = (. + _Min_Stack_Size)
 *fill*         0x100206e8      0x400 
                0x10020ae8                        . = ALIGN (0x8)

/DISCARD/
 libc.a(*)
 libm.a(*)
 libgcc.a(*)

.ARM.attributes
                0x00000000       0x30
 *(.ARM.attributes)
 .ARM.attributes
                0x00000000       0x22 /opt/st/stm32cubeide_2.2.0/plugins/com.st.stm32cube.ide.mcu.externaltools.gnu-tools-for-stm32.14.3.rel1.linux64_1.0.100.202602081740/tools/bin/../lib/gcc/arm-none-eabi/14.3.1/thumb/v7e-m+fp/hard/crti.o
 .ARM.attributes
                0x00000022       0x34 /opt/st/stm32cubeide_2.2.0/plugins/com.st.stm32cube.ide.mcu.externaltools.gnu-tools-for-stm32.14.3.rel1.linux64_1.0.100.202602081740/tools/bin/../lib/gcc/arm-none-eabi/14.3.1/thumb/v7e-m+fp/hard/crtbegin.o
 .ARM.attributes
                0x00000056       0x34 ./Common/System/system_stm32mp1xx.o
 .ARM.attributes
                0x0000008a       0x34 ./Drivers/STM32MP1xx_HAL_Driver/stm32mp1xx_hal.o
 .ARM.attributes
                0x000000be       0x34 ./Drivers/STM32MP1xx_HAL_Driver/stm32mp1xx_hal_cortex.o
 .ARM.attributes
                0x000000f2       0x34 ./Drivers/STM32MP1xx_HAL_Driver/stm32mp1xx_hal_gpio.o
 .ARM.attributes
                0x00000126       0x34 ./Drivers/STM32MP1xx_HAL_Driver/stm32mp1xx_hal_hsem.o
 .ARM.attributes
                0x0000015a       0x34 ./Drivers/STM32MP1xx_HAL_Driver/stm32mp1xx_hal_i2c.o
 .ARM.attributes
                0x0000018e       0x34 ./Drivers/STM32MP1xx_HAL_Driver/stm32mp1xx_hal_i2c_ex.o
 .ARM.attributes
                0x000001c2       0x34 ./Drivers/STM32MP1xx_HAL_Driver/stm32mp1xx_hal_ipcc.o
 .ARM.attributes
                0x000001f6       0x34 ./Drivers/STM32MP1xx_HAL_Driver/stm32mp1xx_hal_rcc.o
 .ARM.attributes
                0x0000022a       0x34 ./Drivers/STM32MP1xx_HAL_Driver/stm32mp1xx_hal_rcc_ex.o
 .ARM.attributes
                0x0000025e       0x34 ./Middlewares/Third_Party/OpenAMP/device.o
 .ARM.attributes
                0x00000292       0x34 ./Middlewares/Third_Party/OpenAMP/generic_device.o
 .ARM.attributes
                0x000002c6       0x34 ./Middlewares/Third_Party/OpenAMP/generic_init.o
 .ARM.attributes
                0x000002fa       0x34 ./Middlewares/Third_Party/OpenAMP/generic_io.o
 .ARM.attributes
                0x0000032e       0x34 ./Middlewares/Third_Party/OpenAMP/init.o
 .ARM.attributes
                0x00000362       0x34 ./Middlewares/Third_Party/OpenAMP/io.o
 .ARM.attributes
                0x00000396       0x34 ./Middlewares/Third_Party/OpenAMP/log.o
 .ARM.attributes
                0x000003ca       0x34 ./Middlewares/Third_Party/OpenAMP/remoteproc_virtio.o
 .ARM.attributes
                0x000003fe       0x34 ./Middlewares/Third_Party/OpenAMP/rpmsg.o
 .ARM.attributes
                0x00000432       0x34 ./Middlewares/Third_Party/OpenAMP/rpmsg_virtio.o
 .ARM.attributes
                0x00000466       0x34 ./Middlewares/Third_Party/OpenAMP/sys.o
 .ARM.attributes
                0x0000049a       0x34 ./Middlewares/Third_Party/OpenAMP/virt_uart.o
 .ARM.attributes
                0x000004ce       0x34 ./Middlewares/Third_Party/OpenAMP/virtio.o
 .ARM.attributes
                0x00000502       0x34 ./Middlewares/Third_Party/OpenAMP/virtqueue.o
 .ARM.attributes
                0x00000536       0x34 ./Src/main.o
 .ARM.attributes
                0x0000056a       0x34 ./Src/mbox_ipcc.o
 .ARM.attributes
                0x0000059e       0x34 ./Src/openamp.o
 .ARM.attributes
                0x000005d2       0x34 ./Src/rsc_table.o
 .ARM.attributes
                0x00000606       0x34 ./Src/stm32mp1xx_hal_msp.o
 .ARM.attributes
                0x0000063a       0x34 ./Src/stm32mp1xx_it.o
 .ARM.attributes
                0x0000066e       0x34 ./Src/syscalls.o
 .ARM.attributes
                0x000006a2       0x34 ./Src/sysmem.o
 .ARM.attributes
                0x000006d6       0x21 ./Startup/startup_stm32mp157cacx.o
 .ARM.attributes
                0x000006f7       0x34 /opt/st/stm32cubeide_2.2.0/plugins/com.st.stm32cube.ide.mcu.externaltools.gnu-tools-for-stm32.14.3.rel1.linux64_1.0.100.202602081740/tools/bin/../lib/gcc/arm-none-eabi/14.3.1/../../../../arm-none-eabi/lib/thumb/v7e-m+fp/hard/libc_nano.a(libc_a-assert.o)
 .ARM.attributes
                0x0000072b       0x34 /opt/st/stm32cubeide_2.2.0/plugins/com.st.stm32cube.ide.mcu.externaltools.gnu-tools-for-stm32.14.3.rel1.linux64_1.0.100.202602081740/tools/bin/../lib/gcc/arm-none-eabi/14.3.1/../../../../arm-none-eabi/lib/thumb/v7e-m+fp/hard/libc_nano.a(libc_a-malloc.o)
 .ARM.attributes
                0x0000075f       0x34 /opt/st/stm32cubeide_2.2.0/plugins/com.st.stm32cube.ide.mcu.externaltools.gnu-tools-for-stm32.14.3.rel1.linux64_1.0.100.202602081740/tools/bin/../lib/gcc/arm-none-eabi/14.3.1/../../../../arm-none-eabi/lib/thumb/v7e-m+fp/hard/libc_nano.a(libc_a-mallocr.o)
 .ARM.attributes
                0x00000793       0x34 /opt/st/stm32cubeide_2.2.0/plugins/com.st.stm32cube.ide.mcu.externaltools.gnu-tools-for-stm32.14.3.rel1.linux64_1.0.100.202602081740/tools/bin/../lib/gcc/arm-none-eabi/14.3.1/../../../../arm-none-eabi/lib/thumb/v7e-m+fp/hard/libc_nano.a(libc_a-mlock.o)
 .ARM.attributes
                0x000007c7       0x34 /opt/st/stm32cubeide_2.2.0/plugins/com.st.stm32cube.ide.mcu.externaltools.gnu-tools-for-stm32.14.3.rel1.linux64_1.0.100.202602081740/tools/bin/../lib/gcc/arm-none-eabi/14.3.1/../../../../arm-none-eabi/lib/thumb/v7e-m+fp/hard/libc_nano.a(libc_a-findfp.o)
 .ARM.attributes
                0x000007fb       0x34 /opt/st/stm32cubeide_2.2.0/plugins/com.st.stm32cube.ide.mcu.externaltools.gnu-tools-for-stm32.14.3.rel1.linux64_1.0.100.202602081740/tools/bin/../lib/gcc/arm-none-eabi/14.3.1/../../../../arm-none-eabi/lib/thumb/v7e-m+fp/hard/libc_nano.a(libc_a-fprintf.o)
 .ARM.attributes
                0x0000082f       0x34 /opt/st/stm32cubeide_2.2.0/plugins/com.st.stm32cube.ide.mcu.externaltools.gnu-tools-for-stm32.14.3.rel1.linux64_1.0.100.202602081740/tools/bin/../lib/gcc/arm-none-eabi/14.3.1/../../../../arm-none-eabi/lib/thumb/v7e-m+fp/hard/libc_nano.a(libc_a-fwalk.o)
 .ARM.attributes
                0x00000863       0x34 /opt/st/stm32cubeide_2.2.0/plugins/com.st.stm32cube.ide.mcu.externaltools.gnu-tools-for-stm32.14.3.rel1.linux64_1.0.100.202602081740/tools/bin/../lib/gcc/arm-none-eabi/14.3.1/../../../../arm-none-eabi/lib/thumb/v7e-m+fp/hard/libc_nano.a(libc_a-stdio.o)
 .ARM.attributes
                0x00000897       0x34 /opt/st/stm32cubeide_2.2.0/plugins/com.st.stm32cube.ide.mcu.externaltools.gnu-tools-for-stm32.14.3.rel1.linux64_1.0.100.202602081740/tools/bin/../lib/gcc/arm-none-eabi/14.3.1/../../../../arm-none-eabi/lib/thumb/v7e-m+fp/hard/libc_nano.a(libc_a-memset.o)
 .ARM.attributes
                0x000008cb       0x34 /opt/st/stm32cubeide_2.2.0/plugins/com.st.stm32cube.ide.mcu.externaltools.gnu-tools-for-stm32.14.3.rel1.linux64_1.0.100.202602081740/tools/bin/../lib/gcc/arm-none-eabi/14.3.1/../../../../arm-none-eabi/lib/thumb/v7e-m+fp/hard/libc_nano.a(libc_a-strncmp.o)
 .ARM.attributes
                0x000008ff       0x34 /opt/st/stm32cubeide_2.2.0/plugins/com.st.stm32cube.ide.mcu.externaltools.gnu-tools-for-stm32.14.3.rel1.linux64_1.0.100.202602081740/tools/bin/../lib/gcc/arm-none-eabi/14.3.1/../../../../arm-none-eabi/lib/thumb/v7e-m+fp/hard/libc_nano.a(libc_a-strncpy.o)
 .ARM.attributes
                0x00000933       0x34 /opt/st/stm32cubeide_2.2.0/plugins/com.st.stm32cube.ide.mcu.externaltools.gnu-tools-for-stm32.14.3.rel1.linux64_1.0.100.202602081740/tools/bin/../lib/gcc/arm-none-eabi/14.3.1/../../../../arm-none-eabi/lib/thumb/v7e-m+fp/hard/libc_nano.a(libc_a-closer.o)
 .ARM.attributes
                0x00000967       0x34 /opt/st/stm32cubeide_2.2.0/plugins/com.st.stm32cube.ide.mcu.externaltools.gnu-tools-for-stm32.14.3.rel1.linux64_1.0.100.202602081740/tools/bin/../lib/gcc/arm-none-eabi/14.3.1/../../../../arm-none-eabi/lib/thumb/v7e-m+fp/hard/libc_nano.a(libc_a-reent.o)
 .ARM.attributes
                0x0000099b       0x34 /opt/st/stm32cubeide_2.2.0/plugins/com.st.stm32cube.ide.mcu.externaltools.gnu-tools-for-stm32.14.3.rel1.linux64_1.0.100.202602081740/tools/bin/../lib/gcc/arm-none-eabi/14.3.1/../../../../arm-none-eabi/lib/thumb/v7e-m+fp/hard/libc_nano.a(libc_a-impure.o)
 .ARM.attributes
                0x000009cf       0x34 /opt/st/stm32cubeide_2.2.0/plugins/com.st.stm32cube.ide.mcu.externaltools.gnu-tools-for-stm32.14.3.rel1.linux64_1.0.100.202602081740/tools/bin/../lib/gcc/arm-none-eabi/14.3.1/../../../../arm-none-eabi/lib/thumb/v7e-m+fp/hard/libc_nano.a(libc_a-lseekr.o)
 .ARM.attributes
                0x00000a03       0x34 /opt/st/stm32cubeide_2.2.0/plugins/com.st.stm32cube.ide.mcu.externaltools.gnu-tools-for-stm32.14.3.rel1.linux64_1.0.100.202602081740/tools/bin/../lib/gcc/arm-none-eabi/14.3.1/../../../../arm-none-eabi/lib/thumb/v7e-m+fp/hard/libc_nano.a(libc_a-readr.o)
 .ARM.attributes
                0x00000a37       0x34 /opt/st/stm32cubeide_2.2.0/plugins/com.st.stm32cube.ide.mcu.externaltools.gnu-tools-for-stm32.14.3.rel1.linux64_1.0.100.202602081740/tools/bin/../lib/gcc/arm-none-eabi/14.3.1/../../../../arm-none-eabi/lib/thumb/v7e-m+fp/hard/libc_nano.a(libc_a-sbrkr.o)
 .ARM.attributes